Component: ARM Compiler 5.05 update 2 (build 169) Tool: armlink [4d0f33]

==============================================================================

Section Cross References

    startup_stm32f10x_hd.o(STACK) refers (Special) to heapauxi.o(.text) for __use_two_region_memory
    startup_stm32f10x_hd.o(HEAP) refers (Special) to heapauxi.o(.text) for __use_two_region_memory
    startup_stm32f10x_hd.o(RESET) refers (Special) to heapauxi.o(.text) for __use_two_region_memory
    startup_stm32f10x_hd.o(RESET) refers to startup_stm32f10x_hd.o(STACK) for __initial_sp
    startup_stm32f10x_hd.o(RESET) refers to startup_stm32f10x_hd.o(.text) for Reset_Handler
    startup_stm32f10x_hd.o(RESET) refers to stm32f10x_it.o(i.NMI_Handler) for NMI_Handler
    startup_stm32f10x_hd.o(RESET) refers to stm32f10x_it.o(i.HardFault_Handler) for HardFault_Handler
    startup_stm32f10x_hd.o(RESET) refers to stm32f10x_it.o(i.MemManage_Handler) for MemManage_Handler
    startup_stm32f10x_hd.o(RESET) refers to stm32f10x_it.o(i.BusFault_Handler) for BusFault_Handler
    startup_stm32f10x_hd.o(RESET) refers to stm32f10x_it.o(i.UsageFault_Handler) for UsageFault_Handler
    startup_stm32f10x_hd.o(RESET) refers to stm32f10x_it.o(i.SVC_Handler) for SVC_Handler
    startup_stm32f10x_hd.o(RESET) refers to stm32f10x_it.o(i.DebugMon_Handler) for DebugMon_Handler
    startup_stm32f10x_hd.o(RESET) refers to stm32f10x_it.o(i.PendSV_Handler) for PendSV_Handler
    startup_stm32f10x_hd.o(RESET) refers to stm32f10x_it.o(i.SysTick_Handler) for SysTick_Handler
    startup_stm32f10x_hd.o(RESET) refers to systick.o(i.TIM2_IRQHandler) for TIM2_IRQHandler
    startup_stm32f10x_hd.o(RESET) refers to yuyin.o(i.USART1_IRQHandler) for USART1_IRQHandler
    startup_stm32f10x_hd.o(RESET) refers to esp8266.o(i.USART2_IRQHandler) for USART2_IRQHandler
    startup_stm32f10x_hd.o(.text) refers (Special) to heapauxi.o(.text) for __use_two_region_memory
    startup_stm32f10x_hd.o(.text) refers to system_stm32f10x.o(i.SystemInit) for SystemInit
    startup_stm32f10x_hd.o(.text) refers to __main.o(!!!main) for __main
    startup_stm32f10x_hd.o(.text) refers to startup_stm32f10x_hd.o(HEAP) for Heap_Mem
    startup_stm32f10x_hd.o(.text) refers to startup_stm32f10x_hd.o(STACK) for Stack_Mem
    yuyin.o(i.USART1_IRQHandler) refers to stm32f10x_usart.o(i.USART_GetITStatus) for USART_GetITStatus
    yuyin.o(i.USART1_IRQHandler) refers to stm32f10x_usart.o(i.USART_ReceiveData) for USART_ReceiveData
    yuyin.o(i.USART1_IRQHandler) refers to yuyin.o(.data) for YuYin_RX_STA
    yuyin.o(i.YuYin_Init) refers to stm32f10x_rcc.o(i.RCC_APB2PeriphClockCmd) for RCC_APB2PeriphClockCmd
    yuyin.o(i.YuYin_Init) refers to stm32f10x_usart.o(i.USART_DeInit) for USART_DeInit
    yuyin.o(i.YuYin_Init) refers to stm32f10x_gpio.o(i.GPIO_Init) for GPIO_Init
    yuyin.o(i.YuYin_Init) refers to misc.o(i.NVIC_Init) for NVIC_Init
    yuyin.o(i.YuYin_Init) refers to stm32f10x_usart.o(i.USART_Init) for USART_Init
    yuyin.o(i.YuYin_Init) refers to stm32f10x_usart.o(i.USART_ITConfig) for USART_ITConfig
    yuyin.o(i.YuYin_Init) refers to stm32f10x_usart.o(i.USART_Cmd) for USART_Cmd
    mp3.o(i.MP3_Com) refers to stm32f10x_usart.o(i.USART_ClearFlag) for USART_ClearFlag
    mp3.o(i.MP3_Com) refers to stm32f10x_usart.o(i.USART_SendData) for USART_SendData
    mp3.o(i.MP3_Com) refers to stm32f10x_usart.o(i.USART_GetFlagStatus) for USART_GetFlagStatus
    mp3.o(i.MP3_Init) refers to mp3.o(i.MP3_USART_Init) for MP3_USART_Init
    mp3.o(i.MP3_Init) refers to delay.o(i.delay) for delay
    mp3.o(i.MP3_Init) refers to mp3.o(i.MP3_Com) for MP3_Com
    mp3.o(i.MP3_Star) refers to mp3.o(i.MP3_Com) for MP3_Com
    mp3.o(i.MP3_State) refers to stm32f10x_gpio.o(i.GPIO_ReadInputDataBit) for GPIO_ReadInputDataBit
    mp3.o(i.MP3_USART_Init) refers to stm32f10x_rcc.o(i.RCC_APB1PeriphClockCmd) for RCC_APB1PeriphClockCmd
    mp3.o(i.MP3_USART_Init) refers to stm32f10x_rcc.o(i.RCC_APB2PeriphClockCmd) for RCC_APB2PeriphClockCmd
    mp3.o(i.MP3_USART_Init) refers to stm32f10x_gpio.o(i.GPIO_Init) for GPIO_Init
    mp3.o(i.MP3_USART_Init) refers to stm32f10x_usart.o(i.USART_Init) for USART_Init
    mp3.o(i.MP3_USART_Init) refers to stm32f10x_usart.o(i.USART_Cmd) for USART_Cmd
    systick.o(i.SysTick_Init) refers to stm32f10x_rcc.o(i.RCC_APB1PeriphClockCmd) for RCC_APB1PeriphClockCmd
    systick.o(i.SysTick_Init) refers to stm32f10x_tim.o(i.TIM_DeInit) for TIM_DeInit
    systick.o(i.SysTick_Init) refers to stm32f10x_tim.o(i.TIM_TimeBaseInit) for TIM_TimeBaseInit
    systick.o(i.SysTick_Init) refers to stm32f10x_tim.o(i.TIM_ClearFlag) for TIM_ClearFlag
    systick.o(i.SysTick_Init) refers to misc.o(i.NVIC_PriorityGroupConfig) for NVIC_PriorityGroupConfig
    systick.o(i.SysTick_Init) refers to misc.o(i.NVIC_Init) for NVIC_Init
    systick.o(i.SysTick_Init) refers to stm32f10x_tim.o(i.TIM_ITConfig) for TIM_ITConfig
    systick.o(i.SysTick_Init) refers to stm32f10x_tim.o(i.TIM_Cmd) for TIM_Cmd
[...]
    ../clib/signal.c                         0x00000000   Number         0  defsig_rtred_inner.o ABSOLUTE
    ../clib/signal.c                         0x00000000   Number         0  defsig_fpe_inner.o ABSOLUTE
    ../clib/signal.s                         0x00000000   Number         0  defsig.o ABSOLUTE
    ../clib/stdlib.c                         0x00000000   Number         0  exit.o ABSOLUTE
    ../clib/string.c                         0x00000000   Number         0  strcat.o ABSOLUTE
    ../clib/string.c                         0x00000000   Number         0  strchr.o ABSOLUTE
    ../clib/string.c                         0x00000000   Number         0  strlen.o ABSOLUTE
    ../clib/string.c                         0x00000000   Number         0  strncat.o ABSOLUTE
    ../clib/string.c                         0x00000000   Number         0  strcpy.o ABSOLUTE
    ../clib/string.c                         0x00000000   Number         0  strstr.o ABSOLUTE
    ../fplib/fpinit.s                        0x00000000   Number         0  fpinit.o ABSOLUTE
    ../fplib/istatus.s                       0x00000000   Number         0  istatus.o ABSOLUTE
    ../fplib/printf1.s                       0x00000000   Number         0  printf1.o ABSOLUTE
    ../fplib/usenofp.s                       0x00000000   Number         0  usenofp.o ABSOLUTE
    ../mathlib/fpclassify.c                  0x00000000   Number         0  fpclassify.o ABSOLUTE
    ..\CORE\core_cm3.c                       0x00000000   Number         0  core_cm3.o ABSOLUTE
    ..\CORE\startup_stm32f10x_hd.s           0x00000000   Number         0  startup_stm32f10x_hd.o ABSOLUTE
    ..\HARDWARE\MP3\MP3.c                    0x00000000   Number         0  mp3.o ABSOLUTE
    ..\HARDWARE\PWM\PWM.c                    0x00000000   Number         0  pwm.o ABSOLUTE
    ..\HARDWARE\SysTick\SysTick.c            0x00000000   Number         0  systick.o ABSOLUTE
    ..\HARDWARE\YuYin\YuYin.c                0x00000000   Number         0  yuyin.o ABSOLUTE
    ..\HARDWARE\oled\oled.c                  0x00000000   Number         0  oled.o ABSOLUTE
    ..\NET\EDP\EdpKit.c                      0x00000000   Number         0  edpkit.o ABSOLUTE
    ..\NET\device\src\esp8266.c              0x00000000   Number         0  esp8266.o ABSOLUTE
    ..\NET\onenet\src\onenet.c               0x00000000   Number         0  onenet.o ABSOLUTE
    ..\STM32F10x_FWLib\src\misc.c            0x00000000   Number         0  misc.o ABSOLUTE
    ..\STM32F10x_FWLib\src\stm32f10x_adc.c   0x00000000   Number         0  stm32f10x_adc.o ABSOLUTE
    ..\STM32F10x_FWLib\src\stm32f10x_bkp.c   0x00000000   Number         0  stm32f10x_bkp.o ABSOLUTE
    ..\STM32F10x_FWLib\src\stm32f10x_can.c   0x00000000   Number         0  stm32f10x_can.o ABSOLUTE
    ..\STM32F10x_FWLib\src\stm32f10x_cec.c   0x00000000   Number         0  stm32f10x_cec.o ABSOLUTE
    ..\STM32F10x_FWLib\src\stm32f10x_crc.c   0x00000000   Number         0  stm32f10x_crc.o ABSOLUTE
    ..\STM32F10x_FWLib\src\stm32f10x_dac.c   0x00000000   Number         0  stm32f10x_dac.o ABSOLUTE
    ..\STM32F10x_FWLib\src\stm32f10x_dbgmcu.c 0x00000000   Number         0  stm32f10x_dbgmcu.o ABSOLUTE
    ..\STM32F10x_FWLib\src\stm32f10x_dma.c   0x00000000   Number         0  stm32f10x_dma.o ABSOLUTE
    ..\STM32F10x_FWLib\src\stm32f10x_exti.c  0x00000000   Number         0  stm32f10x_exti.o ABSOLUTE
    ..\STM32F10x_FWLib\src\stm32f10x_flash.c 0x00000000   Number         0  stm32f10x_flash.o ABSOLUTE
    ..\STM32F10x_FWLib\src\stm32f10x_fsmc.c  0x00000000   Number         0  stm32f10x_fsmc.o ABSOLUTE
    ..\STM32F10x_FWLib\src\stm32f10x_gpio.c  0x00000000   Number         0  stm32f10x_gpio.o ABSOLUTE
    ..\STM32F10x_FWLib\src\stm32f10x_i2c.c   0x00000000   Number         0  stm32f10x_i2c.o ABSOLUTE
    ..\STM32F10x_FWLib\src\stm32f10x_iwdg.c  0x00000000   Number         0  stm32f10x_iwdg.o ABSOLUTE
    ..\STM32F10x_FWLib\src\stm32f10x_pwr.c   0x00000000   Number         0  stm32f10x_pwr.o ABSOLUTE
    ..\STM32F10x_FWLib\src\stm32f10x_rcc.c   0x00000000   Number         0  stm32f10x_rcc.o ABSOLUTE
    ..\STM32F10x_FWLib\src\stm32f10x_rtc.c   0x00000000   Number         0  stm32f10x_rtc.o ABSOLUTE
    ..\STM32F10x_FWLib\src\stm32f10x_sdio.c  0x00000000   Number         0  stm32f10x_sdio.o ABSOLUTE
    ..\STM32F10x_FWLib\src\stm32f10x_spi.c   0x00000000   Number         0  stm32f10x_spi.o ABSOLUTE
    ..\STM32F10x_FWLib\src\stm32f10x_tim.c   0x00000000   Number         0  stm32f10x_tim.o ABSOLUTE
    ..\STM32F10x_FWLib\src\stm32f10x_usart.c 0x00000000   Number         0  stm32f10x_usart.o ABSOLUTE
    ..\STM32F10x_FWLib\src\stm32f10x_wwdg.c  0x00000000   Number         0  stm32f10x_wwdg.o ABSOLUTE
    ..\SYSTEM\delay\delay.c                  0x00000000   Number         0  delay.o ABSOLUTE
    ..\SYSTEM\sys\sys.c                      0x00000000   Number         0  sys.o ABSOLUTE
    ..\SYSTEM\usart\usart.c                  0x00000000   Number         0  usart.o ABSOLUTE
    ..\\CORE\\core_cm3.c                     0x00000000   Number         0  core_cm3.o ABSOLUTE
    dc.s                                     0x00000000   Number         0  dc.o ABSOLUTE
    main.c                                   0x00000000   Number         0  main.o ABSOLUTE
    stm32f10x_it.c                           0x00000000   Number         0  stm32f10x_it.o ABSOLUTE
    system_stm32f10x.c                       0x00000000   Number         0  system_stm32f10x.o ABSOLUTE
    RESET                                    0x08000000   Section      304  startup_stm32f10x_hd.o(RESET)
    !!!main                                  0x08000130   Section        8  __main.o(!!!main)
    !!!scatter                               0x08000138   Section       52  __scatter.o(!!!scatter)
    !!dclz77c                                0x0800016c   Section      100  __dclz77c.o(!!dclz77c)
    !!handler_zi                             0x080001d0   Section       28  __scatter_zi.o(!!handler_zi)
    .ARM.Collect$$_printf_percent$$00000000  0x080001ec   Section        0  _printf_percent.o(.ARM.Collect$$_printf_percent$$00000000)
    .ARM.Collect$$_printf_percent$$00000009  0x080001ec   Section        6  _printf_d.o(.ARM.Collect$$_printf_percent$$00000009)
    .ARM.Collect$$_printf_percent$$00000017  0x080001f2   Section        4  _printf_percent_end.o(.ARM.Collect$$_printf_percent$$00000017)
    .ARM.Collect$$libinit$$00000000          0x080001f6   Section        2  libinit.o(.ARM.Collect$$libinit$$00000000)
    .ARM.Collect$$libinit$$00000002          0x080001f8   Section        0  libinit2.o(.ARM.Collect$$libinit$$00000002)
    .ARM.Collect$$libinit$$00000004          0x080001f8   Section        0  libinit2.o(.ARM.Collect$$libinit$$00000004)
    .ARM.Collect$$libinit$$00000005          0x080001f8   Section        8  libinit2.o(.ARM.Collect$$libinit$$00000005)
    .ARM.Collect$$libinit$$0000000A          0x08000200   Section        0  libinit2.o(.ARM.Collect$$libinit$$0000000A)
    .ARM.Collect$$libinit$$0000000C          0x08000200   Section        0  libinit2.o(.ARM.Collect$$libinit$$0000000C)
    .ARM.Collect$$libinit$$0000000E          0x08000200   Section        0  libinit2.o(.ARM.Collect$$libinit$$0000000E)
    .ARM.Collect$$libinit$$00000011          0x08000200   Section        0  libinit2.o(.ARM.Collect$$libinit$$00000011)
    .ARM.Collect$$libinit$$00000013          0x08000200   Section        0  libinit2.o(.ARM.Collect$$libinit$$00000013)
    .ARM.Collect$$libinit$$00000015          0x08000200   Section        0  libinit2.o(.ARM.Collect$$libinit$$00000015)
    .ARM.Collect$$libinit$$00000017          0x08000200   Section        0  libinit2.o(.ARM.Collect$$libinit$$00000017)
    .ARM.Collect$$libinit$$00000019          0x08000200   Section        0  libinit2.o(.ARM.Collect$$libinit$$00000019)
    .ARM.Collect$$libinit$$0000001B          0x08000200   Section        0  libinit2.o(.ARM.Collect$$libinit$$0000001B)
    .ARM.Collect$$libinit$$0000001D          0x08000200   Section        0  libinit2.o(.ARM.Collect$$libinit$$0000001D)
    .ARM.Collect$$libinit$$0000001F          0x08000200   Section        0  libinit2.o(.ARM.Collect$$libinit$$0000001F)
    .ARM.Collect$$libinit$$00000021          0x08000200   Section        0  libinit2.o(.ARM.Collect$$libinit$$00000021)
    .ARM.Collect$$libinit$$00000023          0x08000200   Section        0  libinit2.o(.ARM.Collect$$libinit$$00000023)
    .ARM.Collect$$libinit$$00000025          0x08000200   Section        0  libinit2.o(.ARM.Collect$$libinit$$00000025)
    .ARM.Collect$$libinit$$0000002C          0x08000200   Section        0  libinit2.o(.ARM.Collect$$libinit$$0000002C)
    .ARM.Collect$$libinit$$0000002E          0x08000200   Section        0  libinit2.o(.ARM.Collect$$libinit$$0000002E)
    .ARM.Collect$$libinit$$00000030          0x08000200   Section        0  libinit2.o(.ARM.Collect$$libinit$$00000030)
    .ARM.Collect$$libinit$$00000032          0x08000200   Section        0  libinit2.o(.ARM.Collect$$libinit$$00000032)
    .ARM.Collect$$libinit$$00000033          0x08000200   Section        2  libinit2.o(.ARM.Collect$$libinit$$00000033)
    .ARM.Collect$$libshutdown$$00000000      0x08000202   Section        2  libshutdown.o(.ARM.Collect$$libshutdown$$00000000)
    .ARM.Collect$$libshutdown$$00000003      0x08000204   Section        0  libshutdown2.o(.ARM.Collect$$libshutdown$$00000003)
    .ARM.Collect$$libshutdown$$00000006      0x08000204   Section        0  libshutdown2.o(.ARM.Collect$$libshutdown$$00000006)
    .ARM.Collect$$libshutdown$$00000009      0x08000204   Section        0  libshutdown2.o(.ARM.Collect$$libshutdown$$00000009)
    .ARM.Collect$$libshutdown$$0000000B      0x08000204   Section        0  libshutdown2.o(.ARM.Collect$$libshutdown$$0000000B)
    .ARM.Collect$$libshutdown$$0000000E      0x08000204   Section        0  libshutdown2.o(.ARM.Collect$$libshutdown$$0000000E)
    .ARM.Collect$$libshutdown$$0000000F      0x08000204   Section        2  libshutdown2.o(.ARM.Collect$$libshutdown$$0000000F)
    .ARM.Collect$$rtentry$$00000000          0x08000206   Section        0  __rtentry.o(.ARM.Collect$$rtentry$$00000000)
    .ARM.Collect$$rtentry$$00000002          0x08000206   Section        0  __rtentry2.o(.ARM.Collect$$rtentry$$00000002)
    .ARM.Collect$$rtentry$$00000004          0x08000206   Section        6  __rtentry4.o(.ARM.Collect$$rtentry$$00000004)
    .ARM.Collect$$rtentry$$00000009          0x0800020c   Section        0  __rtentry2.o(.ARM.Collect$$rtentry$$00000009)
    .ARM.Collect$$rtentry$$0000000A          0x0800020c   Section        4  __rtentry2.o(.ARM.Collect$$rtentry$$0000000A)
    .ARM.Collect$$rtentry$$0000000C          0x08000210   Section        0  __rtentry2.o(.ARM.Collect$$rtentry$$0000000C)
    .ARM.Collect$$rtentry$$0000000D          0x08000210   Section        8  __rtentry2.o(.ARM.Collect$$rtentry$$0000000D)
    .ARM.Collect$$rtexit$$00000000           0x08000218   Section        2  rtexit.o(.ARM.Collect$$rtexit$$00000000)
    .ARM.Collect$$rtexit$$00000002           0x0800021a   Section        0  rtexit2.o(.ARM.Collect$$rtexit$$00000002)
    .ARM.Collect$$rtexit$$00000003           0x0800021a   Section        4  rtexit2.o(.ARM.Collect$$rtexit$$00000003)
    .ARM.Collect$$rtexit$$00000004           0x0800021e   Section        6  rtexit2.o(.ARM.Collect$$rtexit$$00000004)
    .emb_text                                0x08000224   Section        0  maybetermalloc1.o(.emb_text)
    .text                                    0x08000224   Section       64  startup_stm32f10x_hd.o(.text)
    .text                                    0x08000264   Section        0  h1_alloc.o(.text)
    .text                                    0x080002c2   Section        0  h1_free.o(.text)
    .text                                    0x08000310   Section        0  __2sprintf.o(.text)
    .text                                    0x0800033c   Section        0  _printf_dec.o(.text)
    .text                                    0x080003b4   Section        0  __printf_flags_ss_wp.o(.text)
    .text                                    0x0800053c   Section        0  strchr.o(.text)
    .text                                    0x08000550   Section        0  strncat.o(.text)
    .text                                    0x08000574   Section        0  strstr.o(.text)
    .text                                    0x08000598   Section        0  strcpy.o(.text)
    .text                                    0x080005e0   Section        0  strlen.o(.text)
    .text                                    0x0800061e   Section        0  strcat.o(.text)
    .text                                    0x08000636   Section      138  rt_memcpy_v6.o(.text)
    .text                                    0x080006c0   Section       68  rt_memclr.o(.text)
    .text                                    0x08000704   Section       78  rt_memclr_w.o(.text)
    .text                                    0x08000752   Section        0  heapauxi.o(.text)
    .text                                    0x08000758   Section        8  rt_heap_descriptor_intlibspace.o(.text)
    .text                                    0x08000760   Section        0  hguard.o(.text)
    .text                                    0x08000764   Section        0  init_alloc.o(.text)
    .text                                    0x080007ee   Section        0  h1_init.o(.text)
    .text                                    0x080007fc   Section        0  _printf_intcommon.o(.text)
    .text                                    0x080008b0   Section        0  _printf_char_common.o(.text)
    _printf_input_char                       0x080008b1   Thumb Code    10  _printf_char_common.o(.text)
    .text                                    0x080008e0   Section        0  _sputc.o(.text)
    .text                                    0x080008ea   Section      100  rt_memcpy_w.o(.text)
    .text                                    0x08000950   Section        8  libspace.o(.text)
    .text                                    0x08000958   Section        0  h1_extend.o(.text)
    .text                                    0x0800098c   Section        0  defsig_rtmem_outer.o(.text)
    .text                                    0x0800099a   Section        2  use_no_semi.o(.text)
    .text                                    0x0800099c   Section       74  sys_stackheap_outer.o(.text)
    .text                                    0x0800099c   Section        0  indicate_semi.o(.text)
    .text                                    0x080009e6   Section        0  exit.o(.text)
    .text                                    0x080009f2   Section        0  defsig_exit.o(.text)
    .text                                    0x080009fc   Section        0  defsig_rtmem_inner.o(.text)
    .text                                    0x08000a4c   Section        0  sys_exit.o(.text)
    .text                                    0x08000a58   Section        0  defsig_general.o(.text)
    .text                                    0x08000a8a   Section        0  sys_wrch.o(.text)
    i.BusFault_Handler                       0x08000a98   Section        0  stm32f10x_it.o(i.BusFault_Handler)
    i.DebugMon_Handler                       0x08000a9c   Section        0  stm32f10x_it.o(i.DebugMon_Handler)
    i.EDP_DeleteBuffer                       0x08000a9e   Section        0  edpkit.o(i.EDP_DeleteBuffer)
    i.EDP_NewBuffer                          0x08000aba   Section        0  edpkit.o(i.EDP_NewBuffer)
    i.EDP_PacketCmdResp                      0x08000b12   Section        0  edpkit.o(i.EDP_PacketCmdResp)
    i.EDP_PacketConnect1                     0x08000bd4   Section        0  edpkit.o(i.EDP_PacketConnect1)
    i.EDP_PacketSaveData                     0x08000cc0   Section        0  edpkit.o(i.EDP_PacketSaveData)
    i.EDP_UnPacketCmd                        0x08000e8e   Section        0  edpkit.o(i.EDP_UnPacketCmd)
    i.EDP_UnPacketConnectRsp                 0x08000f64   Section        0  edpkit.o(i.EDP_UnPacketConnectRsp)
    i.EDP_UnPacketRecv                       0x08000f6a   Section        0  edpkit.o(i.EDP_UnPacketRecv)
    i.ESP8266_Clear                          0x08000f70   Section        0  esp8266.o(i.ESP8266_Clear)
    i.ESP8266_GetIPD                         0x08000f8c   Section        0  esp8266.o(i.ESP8266_GetIPD)
    i.ESP8266_Init                           0x08000fdc   Section        0  esp8266.o(i.ESP8266_Init)
    i.ESP8266_SendCmd                        0x08001130   Section        0  esp8266.o(i.ESP8266_SendCmd)
    i.ESP8266_SendData                       0x08001184   Section        0  esp8266.o(i.ESP8266_SendData)
    i.ESP8266_WaitRecive                     0x080011cc   Section        0  esp8266.o(i.ESP8266_WaitRecive)
    i.GPIO_Init                              0x08001200   Section        0  stm32f10x_gpio.o(i.GPIO_Init)
    i.GPIO_ReadInputDataBit                  0x08001316   Section        0  stm32f10x_gpio.o(i.GPIO_ReadInputDataBit)
    i.GPIO_ResetBits                         0x08001328   Section        0  stm32f10x_gpio.o(i.GPIO_ResetBits)
    i.GPIO_SetBits                           0x0800132c   Section        0  stm32f10x_gpio.o(i.GPIO_SetBits)
    i.GPIO_WriteBit                          0x08001330   Section        0  stm32f10x_gpio.o(i.GPIO_WriteBit)
    i.HardFault_Handler                      0x0800133a   Section        0  stm32f10x_it.o(i.HardFault_Handler)
    i.Hardware_Init                          0x0800133e   Section        0  main.o(i.Hardware_Init)
    i.IIC_Init                               0x08001370   Section        0  oled.o(i.IIC_Init)
    i.IIC_Send_Byte                          0x080013b0   Section        0  oled.o(i.IIC_Send_Byte)
    i.IIC_Start                              0x08001420   Section        0  oled.o(i.IIC_Start)
    i.IIC_Stop                               0x08001470   Section        0  oled.o(i.IIC_Stop)
    i.MP3_Com                                0x080014b4   Section        0  mp3.o(i.MP3_Com)
    i.MP3_Init                               0x080014dc   Section        0  mp3.o(i.MP3_Init)
    i.MP3_Star                               0x0800155e   Section        0  mp3.o(i.MP3_Star)
    i.MP3_State                              0x08001590   Section        0  mp3.o(i.MP3_State)
    i.MP3_USART_Init                         0x080015a4   Section        0  mp3.o(i.MP3_USART_Init)
    i.MemManage_Handler                      0x0800164c   Section        0  stm32f10x_it.o(i.MemManage_Handler)
    i.NMI_Handler                            0x08001650   Section        0  stm32f10x_it.o(i.NMI_Handler)
    i.NVIC_Init                              0x08001654   Section        0  misc.o(i.NVIC_Init)
    i.NVIC_PriorityGroupConfig               0x080016c4   Section        0  misc.o(i.NVIC_PriorityGroupConfig)
    i.OLED_CLS                               0x080016d8   Section        0  oled.o(i.OLED_CLS)
    i.OLED_Fill                              0x080016e2   Section        0  oled.o(i.OLED_Fill)
    i.OLED_Init                              0x0800171c   Section        0  oled.o(i.OLED_Init)
    i.OLED_SetPos                            0x080017d2   Section        0  oled.o(i.OLED_SetPos)
    i.OLED_ShowMYCN                          0x080017fa   Section        0  oled.o(i.OLED_ShowMYCN)
    i.OLED_ShowStr                           0x0800184c   Section        0  oled.o(i.OLED_ShowStr)
    i.OneNet_DevLink                         0x08001938   Section        0  onenet.o(i.OneNet_DevLink)
    i.OneNet_FillBuf                         0x080019e4   Section        0  onenet.o(i.OneNet_FillBuf)
    i.OneNet_RevPro                          0x08001a3c   Section        0  onenet.o(i.OneNet_RevPro)
    i.OneNet_SendData                        0x08001b1c   Section        0  onenet.o(i.OneNet_SendData)
    i.PWM_Init                               0x08001b80   Section        0  pwm.o(i.PWM_Init)
    i.PendSV_Handler                         0x08001c70   Section        0  stm32f10x_it.o(i.PendSV_Handler)
    i.Pre_Oled                               0x08001c74   Section        0  main.o(i.Pre_Oled)
    i.RCC_APB1PeriphClockCmd                 0x08001ce4   Section        0  stm32f10x_rcc.o(i.RCC_APB1PeriphClockCmd)
    i.RCC_APB1PeriphResetCmd                 0x08001d04   Section        0  stm32f10x_rcc.o(i.RCC_APB1PeriphResetCmd)
    i.RCC_APB2PeriphClockCmd                 0x08001d24   Section        0  stm32f10x_rcc.o(i.RCC_APB2PeriphClockCmd)
    i.RCC_APB2PeriphResetCmd                 0x08001d44   Section        0  stm32f10x_rcc.o(i.RCC_APB2PeriphResetCmd)
    i.RCC_GetClocksFreq                      0x08001d64   Section        0  stm32f10x_rcc.o(i.RCC_GetClocksFreq)
    i.ReadRemainlen                          0x08001e38   Section        0  edpkit.o(i.ReadRemainlen)
    i.Read_Ask                               0x08001e78   Section        0  oled.o(i.Read_Ask)
    i.SVC_Handler                            0x08001ec4   Section        0  stm32f10x_it.o(i.SVC_Handler)
    i.SetSysClock                            0x08001ec6   Section        0  system_stm32f10x.o(i.SetSysClock)
    SetSysClock                              0x08001ec7   Thumb Code     8  system_stm32f10x.o(i.SetSysClock)
    i.SetSysClockTo72                        0x08001ed0   Section        0  system_stm32f10x.o(i.SetSysClockTo72)
    SetSysClockTo72                          0x08001ed1   Thumb Code   214  system_stm32f10x.o(i.SetSysClockTo72)
    i.ShowHump                               0x08001fb0   Section        0  oled.o(i.ShowHump)
    i.ShowSmartTrash                         0x08001fd8   Section        0  oled.o(i.ShowSmartTrash)
    i.ShowTemperature                        0x08002000   Section        0  oled.o(i.ShowTemperature)
    i.Showdu                                 0x08002028   Section        0  oled.o(i.Showdu)
    i.SysTick_CLKSourceConfig                0x08002050   Section        0  misc.o(i.SysTick_CLKSourceConfig)
    i.SysTick_Handler                        0x08002078   Section        0  stm32f10x_it.o(i.SysTick_Handler)
    i.SysTick_Init                           0x0800207c   Section        0  systick.o(i.SysTick_Init)
    i.SysTick_JumpEdge                       0x080020fc   Section        0  systick.o(i.SysTick_JumpEdge)
    i.SystemInit                             0x08002114   Section        0  system_stm32f10x.o(i.SystemInit)
    i.TIM2_IRQHandler                        0x08002174   Section        0  systick.o(i.TIM2_IRQHandler)
    i.TIM_ClearFlag                          0x08002340   Section        0  stm32f10x_tim.o(i.TIM_ClearFlag)
    i.TIM_ClearITPendingBit                  0x08002346   Section        0  stm32f10x_tim.o(i.TIM_ClearITPendingBit)
    i.TIM_Cmd                                0x0800234c   Section        0  stm32f10x_tim.o(i.TIM_Cmd)
    i.TIM_DeInit                             0x08002364   Section        0  stm32f10x_tim.o(i.TIM_DeInit)
    i.TIM_ITConfig                           0x0800254c   Section        0  stm32f10x_tim.o(i.TIM_ITConfig)
    i.TIM_OC1Init                            0x08002560   Section        0  stm32f10x_tim.o(i.TIM_OC1Init)
    i.TIM_OC1PreloadConfig                   0x080025f8   Section        0  stm32f10x_tim.o(i.TIM_OC1PreloadConfig)
    i.TIM_OC2Init                            0x0800260c   Section        0  stm32f10x_tim.o(i.TIM_OC2Init)
    i.TIM_OC2PreloadConfig                   0x080026b0   Section        0  stm32f10x_tim.o(i.TIM_OC2PreloadConfig)
    i.TIM_OC3Init                            0x080026cc   Section        0  stm32f10x_tim.o(i.TIM_OC3Init)
    i.TIM_OC3PreloadConfig                   0x0800276c   Section        0  stm32f10x_tim.o(i.TIM_OC3PreloadConfig)
    i.TIM_OC4Init                            0x08002780   Section        0  stm32f10x_tim.o(i.TIM_OC4Init)
    i.TIM_OC4PreloadConfig                   0x080027fc   Section        0  stm32f10x_tim.o(i.TIM_OC4PreloadConfig)
    i.TIM_SetCompare1                        0x08002816   Section        0  stm32f10x_tim.o(i.TIM_SetCompare1)
    i.TIM_SetCompare2                        0x0800281a   Section        0  stm32f10x_tim.o(i.TIM_SetCompare2)
    i.TIM_SetCompare3                        0x0800281e   Section        0  stm32f10x_tim.o(i.TIM_SetCompare3)
    i.TIM_SetCompare4                        0x08002822   Section        0  stm32f10x_tim.o(i.TIM_SetCompare4)
    i.TIM_TimeBaseInit                       0x08002828   Section        0  stm32f10x_tim.o(i.TIM_TimeBaseInit)
    i.USART1_IRQHandler                      0x080028cc   Section        0  yuyin.o(i.USART1_IRQHandler)
    i.USART2_IRQHandler                      0x08002904   Section        0  esp8266.o(i.USART2_IRQHandler)
    i.USART_ClearFlag                        0x08002950   Section        0  stm32f10x_usart.o(i.USART_ClearFlag)
    i.USART_Cmd                              0x08002962   Section        0  stm32f10x_usart.o(i.USART_Cmd)
    i.USART_DeInit                           0x0800297c   Section        0  stm32f10x_usart.o(i.USART_DeInit)
    i.USART_GetFlagStatus                    0x08002a18   Section        0  stm32f10x_usart.o(i.USART_GetFlagStatus)
    i.USART_GetITStatus                      0x08002a32   Section        0  stm32f10x_usart.o(i.USART_GetITStatus)
    i.USART_ITConfig                         0x08002a86   Section        0  stm32f10x_usart.o(i.USART_ITConfig)
    i.USART_Init                             0x08002ad0   Section        0  stm32f10x_usart.o(i.USART_Init)
    i.USART_ReceiveData                      0x08002ba8   Section        0  stm32f10x_usart.o(i.USART_ReceiveData)
    i.USART_SendData                         0x08002bb2   Section        0  stm32f10x_usart.o(i.USART_SendData)
    i.UsageFault_Handler                     0x08002bba   Section        0  stm32f10x_it.o(i.UsageFault_Handler)
    i.Usart2_Init                            0x08002bc0   Section        0  usart.o(i.Usart2_Init)
    i.Usart_SendString                       0x08002c6c   Section        0  usart.o(i.Usart_SendString)
    i.WriteCmd                               0x08002c9e   Section        0  oled.o(i.WriteCmd)
    i.WriteDat                               0x08002cbe   Section        0  oled.o(i.WriteDat)
    i.WriteRemainlen                         0x08002cde   Section        0  edpkit.o(i.WriteRemainlen)
    i.YuYin_Init                             0x08002d0c   Section        0  yuyin.o(i.YuYin_Init)
    i._is_digit                              0x08002dbc   Section        0  __printf_wp.o(i._is_digit)
    i.delay                                  0x08002dca   Section        0  delay.o(i.delay)
    i.delay_init                             0x08002de0   Section        0  delay.o(i.delay_init)
    i.delay_ms                               0x08002e24   Section        0  delay.o(i.delay_ms)
    i.delay_us                               0x08002e70   Section        0  delay.o(i.delay_us)
    i.jidianqi_Init                          0x08002ebc   Section        0  main.o(i.jidianqi_Init)
    i.main                                   0x08002ef0   Section        0  main.o(i.main)
    .constdata                               0x08003108   Section     2072  oled.o(.constdata)
    .constdata                               0x08003920   Section       17  __printf_flags_ss_wp.o(.constdata)
    maptable                                 0x08003920   Data          17  __printf_flags_ss_wp.o(.constdata)
    .data                                    0x20000000   Section        2  yuyin.o(.data)
    .data                                    0x20000004   Section        4  systick.o(.data)
    .data                                    0x20000008   Section     1504  oled.o(.data)
    .data                                    0x200005e8   Section       20  stm32f10x_rcc.o(.data)
    APBAHBPrescTable                         0x200005e8   Data          16  stm32f10x_rcc.o(.data)
    ADCPrescTable                            0x200005f8   Data           4  stm32f10x_rcc.o(.data)
    .data                                    0x200005fc   Section        4  delay.o(.data)
    fac_us                                   0x200005fc   Data           1  delay.o(.data)
    fac_ms                                   0x200005fe   Data           2  delay.o(.data)
    .data                                    0x20000600   Section       20  system_stm32f10x.o(.data)
    .data                                    0x20000614   Section        6  main.o(.data)
    .data                                    0x2000061a   Section        4  esp8266.o(.data)
    .data                                    0x20000620   Section        4  onenet.o(.data)
    .bss                                     0x20000624   Section       10  systick.o(.bss)
    .bss                                     0x2000062e   Section      128  esp8266.o(.bss)
    .bss                                     0x200006b0   Section       96  libspace.o(.bss)
    HEAP                                     0x20000710   Section      512  startup_stm32f10x_hd.o(HEAP)
    Heap_Mem                                 0x20000710   Data         512  startup_stm32f10x_hd.o(HEAP)
    STACK                                    0x20000910   Section     1024  startup_stm32f10x_hd.o(STACK)
    Stack_Mem                                0x20000910   Data        1024  startup_stm32f10x_hd.o(STACK)
    __initial_sp                             0x20000d10   Data           0  startup_stm32f10x_hd.o(STACK)

    Global Symbols

    Symbol Name                              Value     Ov Type        Size  Object(Section)

    BuildAttributes$$THM_ISAv4$P$D$K$B$S$PE$A:L22UL41UL21$X:L11$S22US41US21$IEEE1$IW$USESV6$~STKCKD$USESV7$~SHL$OTIME$ROPI$IEEEJ$EBA8$UX$STANDARDLIB$REQ8$PRES8$EABIv2 0x00000000   Number         0  anon$$obj.o ABSOLUTE
    __ARM_use_no_argv                        0x00000000   Number         0  main.o ABSOLUTE
    _printf_flags                            0x00000000   Number         0  printf_stubs.o ABSOLUTE
    _printf_return_value                     0x00000000   Number         0  printf_stubs.o ABSOLUTE
    _printf_sizespec                         0x00000000   Number         0  printf_stubs.o ABSOLUTE
    _printf_widthprec                        0x00000000   Number         0  printf_stubs.o ABSOLUTE
    __ARM_exceptions_init                     - Undefined Weak Reference
    __alloca_initialize                       - Undefined Weak Reference
    __arm_preinit_                            - Undefined Weak Reference
    __cpp_initialize__aeabi_                  - Undefined Weak Reference
    __cxa_finalize                            - Undefined Weak Reference
    __sigvec_lookup                           - Undefined Weak Reference
    __user_heap_extent                        - Undefined Weak Reference
    _atexit_init                              - Undefined Weak Reference
    _call_atexit_fns                          - Undefined Weak Reference
    _clock_init                               - Undefined Weak Reference
    _fp_trap_init                             - Undefined Weak Reference
    _fp_trap_shutdown                         - Undefined Weak Reference
    _get_lc_collate                           - Undefined Weak Reference
    _get_lc_monetary                          - Undefined Weak Reference
    _get_lc_time                              - Undefined Weak Reference
    _getenv_init                              - Undefined Weak Reference
    _handle_redirection                       - Undefined Weak Reference
    _initio                                   - Undefined Weak Reference
    _mutex_acquire                            - Undefined Weak Reference
    _mutex_free                               - Undefined Weak Reference
    _mutex_release                            - Undefined Weak Reference
    _printf_fp_hex                            - Undefined Weak Reference
    _printf_mbtowc                            - Undefined Weak Reference
    _printf_wc                                - Undefined Weak Reference
    _rand_init                                - Undefined Weak Reference
    _signal_finish                            - Undefined Weak Reference
    _signal_init                              - Undefined Weak Reference
    _terminateio                              - Undefined Weak Reference
    __Vectors_Size                           0x00000130   Number         0  startup_stm32f10x_hd.o ABSOLUTE
    __Vectors                                0x08000000   Data           4  startup_stm32f10x_hd.o(RESET)
    __Vectors_End                            0x08000130   Data           0  startup_stm32f10x_hd.o(RESET)
    __main                                   0x08000131   Thumb Code     8  __main.o(!!!main)
    __scatterload                            0x08000139   Thumb Code     0  __scatter.o(!!!scatter)
    __scatterload_rt2                        0x08000139   Thumb Code    44  __scatter.o(!!!scatter)
    __scatterload_rt2_thumb_only             0x08000139   Thumb Code     0  __scatter.o(!!!scatter)
    __scatterload_null                       0x08000147   Thumb Code     0  __scatter.o(!!!scatter)
    __decompress                             0x0800016d   Thumb Code   100  __dclz77c.o(!!dclz77c)
    __decompress2                            0x0800016d   Thumb Code     0  __dclz77c.o(!!dclz77c)
    __scatterload_zeroinit                   0x080001d1   Thumb Code    28  __scatter_zi.o(!!handler_zi)
    _printf_d                                0x080001ed   Thumb Code     0  _printf_d.o(.ARM.Collect$$_printf_percent$$00000009)
    _printf_percent                          0x080001ed   Thumb Code     0  _printf_percent.o(.ARM.Collect$$_printf_percent$$00000000)
    _printf_percent_end                      0x080001f3   Thumb Code     0  _printf_percent_end.o(.ARM.Collect$$_printf_percent$$00000017)
    __rt_lib_init                            0x080001f7   Thumb Code     0  libinit.o(.ARM.Collect$$libinit$$00000000)
    __rt_lib_init_fp_1                       0x080001f9   Thumb Code     0  libinit2.o(.ARM.Collect$$libinit$$00000002)
    __rt_lib_init_heap_2                     0x080001f9   Thumb Code     0  libinit2.o(.ARM.Collect$$libinit$$00000005)
    __rt_lib_init_preinit_1                  0x080001f9   Thumb Code     0  libinit2.o(.ARM.Collect$$libinit$$00000004)
    __rt_lib_init_alloca_1                   0x08000201   Thumb Code     0  libinit2.o(.ARM.Collect$$libinit$$0000002E)
    __rt_lib_init_argv_1                     0x08000201   Thumb Code     0  libinit2.o(.ARM.Collect$$libinit$$0000002C)
    __rt_lib_init_atexit_1                   0x08000201   Thumb Code     0  libinit2.o(.ARM.Collect$$libinit$$0000001B)
    __rt_lib_init_clock_1                    0x08000201   Thumb Code     0  libinit2.o(.ARM.Collect$$libinit$$00000021)
    __rt_lib_init_cpp_1                      0x08000201   Thumb Code     0  libinit2.o(.ARM.Collect$$libinit$$00000032)
    __rt_lib_init_exceptions_1               0x08000201   Thumb Code     0  libinit2.o(.ARM.Collect$$libinit$$00000030)
    __rt_lib_init_fp_trap_1                  0x08000201   Thumb Code     0  libinit2.o(.ARM.Collect$$libinit$$0000001F)
    __rt_lib_init_getenv_1                   0x08000201   Thumb Code     0  libinit2.o(.ARM.Collect$$libinit$$00000023)
    __rt_lib_init_heap_1                     0x08000201   Thumb Code     0  libinit2.o(.ARM.Collect$$libinit$$0000000A)
    __rt_lib_init_lc_collate_1               0x08000201   Thumb Code     0  libinit2.o(.ARM.Collect$$libinit$$00000011)
    __rt_lib_init_lc_ctype_1                 0x08000201   Thumb Code     0  libinit2.o(.ARM.Collect$$libinit$$00000013)
    __rt_lib_init_lc_monetary_1              0x08000201   Thumb Code     0  libinit2.o(.ARM.Collect$$libinit$$00000015)
    __rt_lib_init_lc_numeric_1               0x08000201   Thumb Code     0  libinit2.o(.ARM.Collect$$libinit$$00000017)
    __rt_lib_init_lc_time_1                  0x08000201   Thumb Code     0  libinit2.o(.ARM.Collect$$libinit$$00000019)
    __rt_lib_init_rand_1                     0x08000201   Thumb Code     0  libinit2.o(.ARM.Collect$$libinit$$0000000E)
    __rt_lib_init_return                     0x08000201   Thumb Code     0  libinit2.o(.ARM.Collect$$libinit$$00000033)
    __rt_lib_init_signal_1                   0x08000201   Thumb Code     0  libinit2.o(.ARM.Collect$$libinit$$0000001D)
    __rt_lib_init_stdio_1                    0x08000201   Thumb Code     0  libinit2.o(.ARM.Collect$$libinit$$00000025)
    __rt_lib_init_user_alloc_1               0x08000201   Thumb Code     0  libinit2.o(.ARM.Collect$$libinit$$0000000C)
    __rt_lib_shutdown                        0x08000203   Thumb Code     0  libshutdown.o(.ARM.Collect$$libshutdown$$00000000)
    __rt_lib_shutdown_fp_trap_1              0x08000205   Thumb Code     0  libshutdown2.o(.ARM.Collect$$libshutdown$$00000006)
    __rt_lib_shutdown_heap_1                 0x08000205   Thumb Code     0  libshutdown2.o(.ARM.Collect$$libshutdown$$0000000E)
    __rt_lib_shutdown_return                 0x08000205   Thumb Code     0  libshutdown2.o(.ARM.Collect$$libshutdown$$0000000F)
    __rt_lib_shutdown_signal_1               0x08000205   Thumb Code     0  libshutdown2.o(.ARM.Collect$$libshutdown$$00000009)
    __rt_lib_shutdown_stdio_1                0x08000205   Thumb Code     0  libshutdown2.o(.ARM.Collect$$libshutdown$$00000003)
    __rt_lib_shutdown_user_alloc_1           0x08000205   Thumb Code     0  libshutdown2.o(.ARM.Collect$$libshutdown$$0000000B)
    __rt_entry                               0x08000207   Thumb Code     0  __rtentry.o(.ARM.Collect$$rtentry$$00000000)
    __rt_entry_presh_1                       0x08000207   Thumb Code     0  __rtentry2.o(.ARM.Collect$$rtentry$$00000002)
    __rt_entry_sh                            0x08000207   Thumb Code     0  __rtentry4.o(.ARM.Collect$$rtentry$$00000004)
    __rt_entry_li                            0x0800020d   Thumb Code     0  __rtentry2.o(.ARM.Collect$$rtentry$$0000000A)
    __rt_entry_postsh_1                      0x0800020d   Thumb Code     0  __rtentry2.o(.ARM.Collect$$rtentry$$00000009)
    __rt_entry_main                          0x08000211   Thumb Code     0  __rtentry2.o(.ARM.Collect$$rtentry$$0000000D)
    __rt_entry_postli_1                      0x08000211   Thumb Code     0  __rtentry2.o(.ARM.Collect$$rtentry$$0000000C)
    __rt_exit                                0x08000219   Thumb Code     0  rtexit.o(.ARM.Collect$$rtexit$$00000000)
    __rt_exit_ls                             0x0800021b   Thumb Code     0  rtexit2.o(.ARM.Collect$$rtexit$$00000003)
    __rt_exit_prels_1                        0x0800021b   Thumb Code     0  rtexit2.o(.ARM.Collect$$rtexit$$00000002)
    __rt_exit_exit                           0x0800021f   Thumb Code     0  rtexit2.o(.ARM.Collect$$rtexit$$00000004)
    Reset_Handler                            0x08000225   Thumb Code     8  startup_stm32f10x_hd.o(.text)
    _maybe_terminate_alloc                   0x08000225   Thumb Code     0  maybetermalloc1.o(.emb_text)
    ADC1_2_IRQHandler                        0x0800023f   Thumb Code     0  startup_stm32f10x_hd.o(.text)
    ADC3_IRQHandler                          0x0800023f   Thumb Code     0  startup_stm32f10x_hd.o(.text)
    CAN1_RX1_IRQHandler                      0x0800023f   Thumb Code     0  startup_stm32f10x_hd.o(.text)
    CAN1_SCE_IRQHandler                      0x0800023f   Thumb Code     0  startup_stm32f10x_hd.o(.text)
    DMA1_Channel1_IRQHandler                 0x0800023f   Thumb Code     0  startup_stm32f10x_hd.o(.text)
    DMA1_Channel2_IRQHandler                 0x0800023f   Thumb Code     0  startup_stm32f10x_hd.o(.text)
    DMA1_Channel3_IRQHandler                 0x0800023f   Thumb Code     0  startup_stm32f10x_hd.o(.text)
    DMA1_Channel4_IRQHandler                 0x0800023f   Thumb Code     0  startup_stm32f10x_hd.o(.text)
    DMA1_Channel5_IRQHandler                 0x0800023f   Thumb Code     0  startup_stm32f10x_hd.o(.text)
    DMA1_Channel6_IRQHandler                 0x0800023f   Thumb Code     0  startup_stm32f10x_hd.o(.text)
    DMA1_Channel7_IRQHandler                 0x0800023f   Thumb Code     0  startup_stm32f10x_hd.o(.text)
    DMA2_Channel1_IRQHandler                 0x0800023f   Thumb Code     0  startup_stm32f10x_hd.o(.text)
    DMA2_Channel2_IRQHandler                 0x0800023f   Thumb Code     0  startup_stm32f10x_hd.o(.text)
    DMA2_Channel3_IRQHandler                 0x0800023f   Thumb Code     0  startup_stm32f10x_hd.o(.text)
    DMA2_Channel4_5_IRQHandler               0x0800023f   Thumb Code     0  startup_stm32f10x_hd.o(.text)
    EXTI0_IRQHandler                         0x0800023f   Thumb Code     0  startup_stm32f10x_hd.o(.text)
    EXTI15_10_IRQHandler                     0x0800023f   Thumb Code     0  startup_stm32f10x_hd.o(.text)
    EXTI1_IRQHandler                         0x0800023f   Thumb Code     0  startup_stm32f10x_hd.o(.text)
    EXTI2_IRQHandler                         0x0800023f   Thumb Code     0  startup_stm32f10x_hd.o(.text)
    EXTI3_IRQHandler                         0x0800023f   Thumb Code     0  startup_stm32f10x_hd.o(.text)
    EXTI4_IRQHandler                         0x0800023f   Thumb Code     0  startup_stm32f10x_hd.o(.text)
    EXTI9_5_IRQHandler                       0x0800023f   Thumb Code     0  startup_stm32f10x_hd.o(.text)
    FLASH_IRQHandler                         0x0800023f   Thumb Code     0  startup_stm32f10x_hd.o(.text)
    FSMC_IRQHandler                          0x0800023f   Thumb Code     0  startup_stm32f10x_hd.o(.text)
    I2C1_ER_IRQHandler                       0x0800023f   Thumb Code     0  startup_stm32f10x_hd.o(.text)
    I2C1_EV_IRQHandler                       0x0800023f   Thumb Code     0  startup_stm32f10x_hd.o(.text)
    I2C2_ER_IRQHandler                       0x0800023f   Thumb Code     0  startup_stm32f10x_hd.o(.text)
    I2C2_EV_IRQHandler                       0x0800023f   Thumb Code     0  startup_stm32f10x_hd.o(.text)
    PVD_IRQHandler                           0x0800023f   Thumb Code     0  startup_stm32f10x_hd.o(.text)
    RCC_IRQHandler                           0x0800023f   Thumb Code     0  startup_stm32f10x_hd.o(.text)
    RTCAlarm_IRQHandler                      0x0800023f   Thumb Code     0  startup_stm32f10x_hd.o(.text)
    RTC_IRQHandler                           0x0800023f   Thumb Code     0  startup_stm32f10x_hd.o(.text)
    SDIO_IRQHandler                          0x0800023f   Thumb Code     0  startup_stm32f10x_hd.o(.text)
    SPI1_IRQHandler                          0x0800023f   Thumb Code     0  startup_stm32f10x_hd.o(.text)
    SPI2_IRQHandler                          0x0800023f   Thumb Code     0  startup_stm32f10x_hd.o(.text)
    SPI3_IRQHandler                          0x0800023f   Thumb Code     0  startup_stm32f10x_hd.o(.text)
    TAMPER_IRQHandler                        0x0800023f   Thumb Code     0  startup_stm32f10x_hd.o(.text)
    TIM1_BRK_IRQHandler                      0x0800023f   Thumb Code     0  startup_stm32f10x_hd.o(.text)
    TIM1_CC_IRQHandler                       0x0800023f   Thumb Code     0  startup_stm32f10x_hd.o(.text)
    TIM1_TRG_COM_IRQHandler                  0x0800023f   Thumb Code     0  startup_stm32f10x_hd.o(.text)
    TIM1_UP_IRQHandler                       0x0800023f   Thumb Code     0  startup_stm32f10x_hd.o(.text)
    TIM3_IRQHandler                          0x0800023f   Thumb Code     0  startup_stm32f10x_hd.o(.text)
    TIM4_IRQHandler                          0x0800023f   Thumb Code     0  startup_stm32f10x_hd.o(.text)
    TIM5_IRQHandler                          0x0800023f   Thumb Code     0  startup_stm32f10x_hd.o(.text)
    TIM6_IRQHandler                          0x0800023f   Thumb Code     0  startup_stm32f10x_hd.o(.text)
    TIM7_IRQHandler                          0x0800023f   Thumb Code     0  startup_stm32f10x_hd.o(.text)
    TIM8_BRK_IRQHandler                      0x0800023f   Thumb Code     0  startup_stm32f10x_hd.o(.text)
    TIM8_CC_IRQHandler                       0x0800023f   Thumb Code     0  startup_stm32f10x_hd.o(.text)
    TIM8_TRG_COM_IRQHandler                  0x0800023f   Thumb Code     0  startup_stm32f10x_hd.o(.text)
    TIM8_UP_IRQHandler                       0x0800023f   Thumb Code     0  startup_stm32f10x_hd.o(.text)
    UART4_IRQHandler                         0x0800023f   Thumb Code     0  startup_stm32f10x_hd.o(.text)
    UART5_IRQHandler                         0x0800023f   Thumb Code     0  startup_stm32f10x_hd.o(.text)
    USART3_IRQHandler                        0x0800023f   Thumb Code     0  startup_stm32f10x_hd.o(.text)
    USBWakeUp_IRQHandler                     0x0800023f   Thumb Code     0  startup_stm32f10x_hd.o(.text)
    USB_HP_CAN1_TX_IRQHandler                0x0800023f   Thumb Code     0  startup_stm32f10x_hd.o(.text)
    USB_LP_CAN1_RX0_IRQHandler               0x0800023f   Thumb Code     0  startup_stm32f10x_hd.o(.text)
    WWDG_IRQHandler                          0x0800023f   Thumb Code     0  startup_stm32f10x_hd.o(.text)
    __user_initial_stackheap                 0x08000241   Thumb Code     0  startup_stm32f10x_hd.o(.text)
    malloc                                   0x08000265   Thumb Code    94  h1_alloc.o(.text)
    free                                     0x080002c3   Thumb Code    78  h1_free.o(.text)
    __2sprintf                               0x08000311   Thumb Code    38  __2sprintf.o(.text)
    _printf_int_dec                          0x0800033d   Thumb Code   104  _printf_dec.o(.text)
    __printf                                 0x080003b5   Thumb Code   388  __printf_flags_ss_wp.o(.text)
    strchr                                   0x0800053d   Thumb Code    20  strchr.o(.text)
    strncat                                  0x08000551   Thumb Code    36  strncat.o(.text)
    strstr                                   0x08000575   Thumb Code    36  strstr.o(.text)
    strcpy                                   0x08000599   Thumb Code    72  strcpy.o(.text)
    strlen                                   0x080005e1   Thumb Code    62  strlen.o(.text)
    strcat                                   0x0800061f   Thumb Code    24  strcat.o(.text)
    __aeabi_memcpy                           0x08000637   Thumb Code     0  rt_memcpy_v6.o(.text)
    __rt_memcpy                              0x08000637   Thumb Code   138  rt_memcpy_v6.o(.text)
    _memcpy_lastbytes                        0x0800069d   Thumb Code     0  rt_memcpy_v6.o(.text)
    __aeabi_memclr                           0x080006c1   Thumb Code     0  rt_memclr.o(.text)
    __rt_memclr                              0x080006c1   Thumb Code    68  rt_memclr.o(.text)
    _memset                                  0x080006c5   Thumb Code     0  rt_memclr.o(.text)
    __aeabi_memclr4                          0x08000705   Thumb Code     0  rt_memclr_w.o(.text)
    __aeabi_memclr8                          0x08000705   Thumb Code     0  rt_memclr_w.o(.text)
    __rt_memclr_w                            0x08000705   Thumb Code    78  rt_memclr_w.o(.text)
    _memset_w                                0x08000709   Thumb Code     0  rt_memclr_w.o(.text)
    __use_two_region_memory                  0x08000753   Thumb Code     2  heapauxi.o(.text)
    __rt_heap_escrow                         0x08000755   Thumb Code     2  heapauxi.o(.text)
    __rt_heap_expand                         0x08000757   Thumb Code     2  heapauxi.o(.text)
    __rt_heap_descriptor                     0x08000759   Thumb Code     8  rt_heap_descriptor_intlibspace.o(.text)
    __use_no_heap                            0x08000761   Thumb Code     2  hguard.o(.text)
    __heap$guard                             0x08000763   Thumb Code     2  hguard.o(.text)
    _terminate_user_alloc                    0x08000765   Thumb Code     2  init_alloc.o(.text)
    _init_user_alloc                         0x08000767   Thumb Code     2  init_alloc.o(.text)
    __Heap_Full                              0x08000769   Thumb Code    34  init_alloc.o(.text)
    __Heap_Broken                            0x0800078b   Thumb Code     6  init_alloc.o(.text)
    _init_alloc                              0x08000791   Thumb Code    94  init_alloc.o(.text)
    __Heap_Initialize                        0x080007ef   Thumb Code    10  h1_init.o(.text)
    __Heap_DescSize                          0x080007f9   Thumb Code     4  h1_init.o(.text)
    _printf_int_common                       0x080007fd   Thumb Code   178  _printf_intcommon.o(.text)
    _printf_char_common                      0x080008bb   Thumb Code    32  _printf_char_common.o(.text)
    _sputc                                   0x080008e1   Thumb Code    10  _sputc.o(.text)
    __aeabi_memcpy4                          0x080008eb   Thumb Code     0  rt_memcpy_w.o(.text)
    __aeabi_memcpy8                          0x080008eb   Thumb Code     0  rt_memcpy_w.o(.text)
    __rt_memcpy_w                            0x080008eb   Thumb Code   100  rt_memcpy_w.o(.text)
    _memcpy_lastbytes_aligned                0x08000933   Thumb Code     0  rt_memcpy_w.o(.text)
    __user_libspace                          0x08000951   Thumb Code     8  libspace.o(.text)
    __user_perproc_libspace                  0x08000951   Thumb Code     0  libspace.o(.text)
    __user_perthread_libspace                0x08000951   Thumb Code     0  libspace.o(.text)
    __Heap_ProvideMemory                     0x08000959   Thumb Code    52  h1_extend.o(.text)
    __rt_SIGRTMEM                            0x0800098d   Thumb Code    14  defsig_rtmem_outer.o(.text)
    __I$use$semihosting                      0x0800099b   Thumb Code     0  use_no_semi.o(.text)
    __use_no_semihosting_swi                 0x0800099b   Thumb Code     2  use_no_semi.o(.text)
    __semihosting_library_function           0x0800099d   Thumb Code     0  indicate_semi.o(.text)
    __user_setup_stackheap                   0x0800099d   Thumb Code    74  sys_stackheap_outer.o(.text)
    exit                                     0x080009e7   Thumb Code    12  exit.o(.text)
    __sig_exit                               0x080009f3   Thumb Code    10  defsig_exit.o(.text)
    __rt_SIGRTMEM_inner                      0x080009fd   Thumb Code    22  defsig_rtmem_inner.o(.text)
    _sys_exit                                0x08000a4d   Thumb Code     8  sys_exit.o(.text)
    __default_signal_display                 0x08000a59   Thumb Code    50  defsig_general.o(.text)
    _ttywrch                                 0x08000a8b   Thumb Code    14  sys_wrch.o(.text)
    BusFault_Handler                         0x08000a99   Thumb Code     4  stm32f10x_it.o(i.BusFault_Handler)
    DebugMon_Handler                         0x08000a9d   Thumb Code     2  stm32f10x_it.o(i.DebugMon_Handler)
    EDP_DeleteBuffer                         0x08000a9f   Thumb Code    28  edpkit.o(i.EDP_DeleteBuffer)
    EDP_NewBuffer                            0x08000abb   Thumb Code    88  edpkit.o(i.EDP_NewBuffer)
    EDP_PacketCmdResp                        0x08000b13   Thumb Code   192  edpkit.o(i.EDP_PacketCmdResp)
    EDP_PacketConnect1                       0x08000bd5   Thumb Code   232  edpkit.o(i.EDP_PacketConnect1)
    EDP_PacketSaveData                       0x08000cc1   Thumb Code   462  edpkit.o(i.EDP_PacketSaveData)
    EDP_UnPacketCmd                          0x08000e8f   Thumb Code   214  edpkit.o(i.EDP_UnPacketCmd)
    EDP_UnPacketConnectRsp                   0x08000f65   Thumb Code     6  edpkit.o(i.EDP_UnPacketConnectRsp)
    EDP_UnPacketRecv                         0x08000f6b   Thumb Code     6  edpkit.o(i.EDP_UnPacketRecv)
    ESP8266_Clear                            0x08000f71   Thumb Code    18  esp8266.o(i.ESP8266_Clear)
    ESP8266_GetIPD                           0x08000f8d   Thumb Code    68  esp8266.o(i.ESP8266_GetIPD)
    ESP8266_Init                             0x08000fdd   Thumb Code   190  esp8266.o(i.ESP8266_Init)
    ESP8266_SendCmd                          0x08001131   Thumb Code    76  esp8266.o(i.ESP8266_SendCmd)
    ESP8266_SendData                         0x08001185   Thumb Code    46  esp8266.o(i.ESP8266_SendData)
    ESP8266_WaitRecive                       0x080011cd   Thumb Code    42  esp8266.o(i.ESP8266_WaitRecive)
    GPIO_Init                                0x08001201   Thumb Code   278  stm32f10x_gpio.o(i.GPIO_Init)
    GPIO_ReadInputDataBit                    0x08001317   Thumb Code    18  stm32f10x_gpio.o(i.GPIO_ReadInputDataBit)
    GPIO_ResetBits                           0x08001329   Thumb Code     4  stm32f10x_gpio.o(i.GPIO_ResetBits)
    GPIO_SetBits                             0x0800132d   Thumb Code     4  stm32f10x_gpio.o(i.GPIO_SetBits)
    GPIO_WriteBit                            0x08001331   Thumb Code    10  stm32f10x_gpio.o(i.GPIO_WriteBit)
    HardFault_Handler                        0x0800133b   Thumb Code     4  stm32f10x_it.o(i.HardFault_Handler)
    Hardware_Init                            0x0800133f   Thumb Code    48  main.o(i.Hardware_Init)
    IIC_Init                                 0x08001371   Thumb Code    52  oled.o(i.IIC_Init)
    IIC_Send_Byte                            0x080013b1   Thumb Code   108  oled.o(i.IIC_Send_Byte)
    IIC_Start                                0x08001421   Thumb Code    76  oled.o(i.IIC_Start)
    IIC_Stop                                 0x08001471   Thumb Code    64  oled.o(i.IIC_Stop)
    MP3_Com                                  0x080014b5   Thumb Code    36  mp3.o(i.MP3_Com)
    MP3_Init                                 0x080014dd   Thumb Code   130  mp3.o(i.MP3_Init)
    MP3_Star                                 0x0800155f   Thumb Code    50  mp3.o(i.MP3_Star)
    MP3_State                                0x08001591   Thumb Code    14  mp3.o(i.MP3_State)
    MP3_USART_Init                           0x080015a5   Thumb Code   156  mp3.o(i.MP3_USART_Init)
    MemManage_Handler                        0x0800164d   Thumb Code     4  stm32f10x_it.o(i.MemManage_Handler)
    NMI_Handler                              0x08001651   Thumb Code     2  stm32f10x_it.o(i.NMI_Handler)
    NVIC_Init                                0x08001655   Thumb Code   100  misc.o(i.NVIC_Init)
    NVIC_PriorityGroupConfig                 0x080016c5   Thumb Code    10  misc.o(i.NVIC_PriorityGroupConfig)
    OLED_CLS                                 0x080016d9   Thumb Code    10  oled.o(i.OLED_CLS)
    OLED_Fill                                0x080016e3   Thumb Code    58  oled.o(i.OLED_Fill)
    OLED_Init                                0x0800171d   Thumb Code   182  oled.o(i.OLED_Init)
    OLED_SetPos                              0x080017d3   Thumb Code    40  oled.o(i.OLED_SetPos)
    OLED_ShowMYCN                            0x080017fb   Thumb Code    80  oled.o(i.OLED_ShowMYCN)
    OLED_ShowStr                             0x0800184d   Thumb Code   228  oled.o(i.OLED_ShowStr)
    OneNet_DevLink                           0x08001939   Thumb Code   126  onenet.o(i.OneNet_DevLink)
    OneNet_FillBuf                           0x080019e5   Thumb Code    64  onenet.o(i.OneNet_FillBuf)
    OneNet_RevPro                            0x08001a3d   Thumb Code   194  onenet.o(i.OneNet_RevPro)
    OneNet_SendData                          0x08001b1d   Thumb Code    98  onenet.o(i.OneNet_SendData)
    PWM_Init                                 0x08001b81   Thumb Code   232  pwm.o(i.PWM_Init)
    PendSV_Handler                           0x08001c71   Thumb Code     2  stm32f10x_it.o(i.PendSV_Handler)
    Pre_Oled                                 0x08001c75   Thumb Code   100  main.o(i.Pre_Oled)
    RCC_APB1PeriphClockCmd                   0x08001ce5   Thumb Code    26  stm32f10x_rcc.o(i.RCC_APB1PeriphClockCmd)
    RCC_APB1PeriphResetCmd                   0x08001d05   Thumb Code    26  stm32f10x_rcc.o(i.RCC_APB1PeriphResetCmd)
    RCC_APB2PeriphClockCmd                   0x08001d25   Thumb Code    26  stm32f10x_rcc.o(i.RCC_APB2PeriphClockCmd)
    RCC_APB2PeriphResetCmd                   0x08001d45   Thumb Code    26  stm32f10x_rcc.o(i.RCC_APB2PeriphResetCmd)
    RCC_GetClocksFreq                        0x08001d65   Thumb Code   192  stm32f10x_rcc.o(i.RCC_GetClocksFreq)
    ReadRemainlen                            0x08001e39   Thumb Code    62  edpkit.o(i.ReadRemainlen)
    Read_Ask                                 0x08001e79   Thumb Code    70  oled.o(i.Read_Ask)
    SVC_Handler                              0x08001ec5   Thumb Code     2  stm32f10x_it.o(i.SVC_Handler)
    ShowHump                                 0x08001fb1   Thumb Code    34  oled.o(i.ShowHump)
    ShowSmartTrash                           0x08001fd9   Thumb Code    34  oled.o(i.ShowSmartTrash)
    ShowTemperature                          0x08002001   Thumb Code    34  oled.o(i.ShowTemperature)
    Showdu                                   0x08002029   Thumb Code    34  oled.o(i.Showdu)
    SysTick_CLKSourceConfig                  0x08002051   Thumb Code    40  misc.o(i.SysTick_CLKSourceConfig)
    SysTick_Handler                          0x08002079   Thumb Code     2  stm32f10x_it.o(i.SysTick_Handler)
    SysTick_Init                             0x0800207d   Thumb Code   122  systick.o(i.SysTick_Init)
    SysTick_JumpEdge                         0x080020fd   Thumb Code    22  systick.o(i.SysTick_JumpEdge)
    SystemInit                               0x08002115   Thumb Code    78  system_stm32f10x.o(i.SystemInit)
    TIM2_IRQHandler                          0x08002175   Thumb Code   452  systick.o(i.TIM2_IRQHandler)
    TIM_ClearFlag                            0x08002341   Thumb Code     6  stm32f10x_tim.o(i.TIM_ClearFlag)
    TIM_ClearITPendingBit                    0x08002347   Thumb Code     6  stm32f10x_tim.o(i.TIM_ClearITPendingBit)
    TIM_Cmd                                  0x0800234d   Thumb Code    24  stm32f10x_tim.o(i.TIM_Cmd)
    TIM_DeInit                               0x08002365   Thumb Code   424  stm32f10x_tim.o(i.TIM_DeInit)
    TIM_ITConfig                             0x0800254d   Thumb Code    18  stm32f10x_tim.o(i.TIM_ITConfig)
    TIM_OC1Init                              0x08002561   Thumb Code   132  stm32f10x_tim.o(i.TIM_OC1Init)
    TIM_OC1PreloadConfig                     0x080025f9   Thumb Code    18  stm32f10x_tim.o(i.TIM_OC1PreloadConfig)
    TIM_OC2Init                              0x0800260d   Thumb Code   154  stm32f10x_tim.o(i.TIM_OC2Init)
    TIM_OC2PreloadConfig                     0x080026b1   Thumb Code    26  stm32f10x_tim.o(i.TIM_OC2PreloadConfig)
    TIM_OC3Init                              0x080026cd   Thumb Code   150  stm32f10x_tim.o(i.TIM_OC3Init)
    TIM_OC3PreloadConfig                     0x0800276d   Thumb Code    18  stm32f10x_tim.o(i.TIM_OC3PreloadConfig)
    TIM_OC4Init                              0x08002781   Thumb Code   114  stm32f10x_tim.o(i.TIM_OC4Init)
    TIM_OC4PreloadConfig                     0x080027fd   Thumb Code    26  stm32f10x_tim.o(i.TIM_OC4PreloadConfig)
    TIM_SetCompare1                          0x08002817   Thumb Code     4  stm32f10x_tim.o(i.TIM_SetCompare1)
    TIM_SetCompare2                          0x0800281b   Thumb Code     4  stm32f10x_tim.o(i.TIM_SetCompare2)
    TIM_SetCompare3                          0x0800281f   Thumb Code     4  stm32f10x_tim.o(i.TIM_SetCompare3)
    TIM_SetCompare4                          0x08002823   Thumb Code     6  stm32f10x_tim.o(i.TIM_SetCompare4)
    TIM_TimeBaseInit                         0x08002829   Thumb Code   122  stm32f10x_tim.o(i.TIM_TimeBaseInit)
    USART1_IRQHandler                        0x080028cd   Thumb Code    42  yuyin.o(i.USART1_IRQHandler)
    USART2_IRQHandler                        0x08002905   Thumb Code    62  esp8266.o(i.USART2_IRQHandler)
    USART_ClearFlag                          0x08002951   Thumb Code    18  stm32f10x_usart.o(i.USART_ClearFlag)
    USART_Cmd                                0x08002963   Thumb Code    24  stm32f10x_usart.o(i.USART_Cmd)
    USART_DeInit                             0x0800297d   Thumb Code   134  stm32f10x_usart.o(i.USART_DeInit)
    USART_GetFlagStatus                      0x08002a19   Thumb Code    26  stm32f10x_usart.o(i.USART_GetFlagStatus)
    USART_GetITStatus                        0x08002a33   Thumb Code    84  stm32f10x_usart.o(i.USART_GetITStatus)
    USART_ITConfig                           0x08002a87   Thumb Code    74  stm32f10x_usart.o(i.USART_ITConfig)
    USART_Init                               0x08002ad1   Thumb Code   210  stm32f10x_usart.o(i.USART_Init)
    USART_ReceiveData                        0x08002ba9   Thumb Code    10  stm32f10x_usart.o(i.USART_ReceiveData)
    USART_SendData                           0x08002bb3   Thumb Code     8  stm32f10x_usart.o(i.USART_SendData)
    UsageFault_Handler                       0x08002bbb   Thumb Code     4  stm32f10x_it.o(i.UsageFault_Handler)
    Usart2_Init                              0x08002bc1   Thumb Code   162  usart.o(i.Usart2_Init)
    Usart_SendString                         0x08002c6d   Thumb Code    50  usart.o(i.Usart_SendString)
    WriteCmd                                 0x08002c9f   Thumb Code    32  oled.o(i.WriteCmd)
    WriteDat                                 0x08002cbf   Thumb Code    32  oled.o(i.WriteDat)
    WriteRemainlen                           0x08002cdf   Thumb Code    46  edpkit.o(i.WriteRemainlen)
    YuYin_Init                               0x08002d0d   Thumb Code   168  yuyin.o(i.YuYin_Init)
    _is_digit                                0x08002dbd   Thumb Code    14  __printf_wp.o(i._is_digit)
    delay                                    0x08002dcb   Thumb Code    22  delay.o(i.delay)
    delay_init                               0x08002de1   Thumb Code    50  delay.o(i.delay_init)
    delay_ms                                 0x08002e25   Thumb Code    72  delay.o(i.delay_ms)
    delay_us                                 0x08002e71   Thumb Code    72  delay.o(i.delay_us)
    jidianqi_Init                            0x08002ebd   Thumb Code    46  main.o(i.jidianqi_Init)
    main                                     0x08002ef1   Thumb Code   490  main.o(i.main)
    F6x8                                     0x08003108   Data         552  oled.o(.constdata)
    F8X16                                    0x08003330   Data        1520  oled.o(.constdata)
    Region$$Table$$Base                      0x08003934   Number         0  anon$$obj.o(Region$$Table)
    Region$$Table$$Limit                     0x08003954   Number         0  anon$$obj.o(Region$$Table)
    YuYin_RX_CMD                             0x20000000   Data           1  yuyin.o(.data)
    YuYin_RX_STA                             0x20000001   Data           1  yuyin.o(.data)
    SysTickTime                              0x20000004   Data           4  systick.o(.data)
    F16x16                                   0x20000008   Data         160  oled.o(.data)
    CurStatusSomeBody16x16                   0x200000a8   Data         256  oled.o(.data)
    CurStatusNoBody16x16                     0x200001a8   Data         256  oled.o(.data)
    Normal16x16                              0x200002a8   Data          96  oled.o(.data)
    Danger16x16                              0x20000308   Data          96  oled.o(.data)
    temperature16x16                         0x20000368   Data          64  oled.o(.data)
    smoke16x16                               0x200003a8   Data          64  oled.o(.data)
    smartTrash16x16                          0x200003e8   Data         160  oled.o(.data)
    Chinese_du16X16                          0x20000488   Data          32  oled.o(.data)
    Chinese_hump16X16                        0x200004a8   Data          64  oled.o(.data)
    Chinese_full16x16                        0x200004e8   Data         256  oled.o(.data)
    SystemCoreClock                          0x20000600   Data           4  system_stm32f10x.o(.data)
    AHBPrescTable                            0x20000604   Data          16  system_stm32f10x.o(.data)
    Target1                                  0x20000614   Data           1  main.o(.data)
    Target2                                  0x20000615   Data           1  main.o(.data)
    Target3                                  0x20000616   Data           1  main.o(.data)
    Target4                                  0x20000617   Data           1  main.o(.data)
    Open_JumpEdge                            0x20000618   Data           1  main.o(.data)
    WakeUp_Flag                              0x20000619   Data           1  main.o(.data)
    esp8266_cnt                              0x2000061a   Data           2  esp8266.o(.data)
    esp8266_cntPre                           0x2000061c   Data           2  esp8266.o(.data)
    fengshan_status                          0x20000620   Data           4  onenet.o(.data)
    SysTickBit                               0x20000624   Data          10  systick.o(.bss)
    esp8266_buf                              0x2000062e   Data         128  esp8266.o(.bss)
    __libspace_start                         0x200006b0   Data          96  libspace.o(.bss)
    __temporary_stack_top$libspace           0x20000710   Data           0  libspace.o(.bss)



==============================================================================

Memory Map of the image

  Image Entry point : 0x08000131

  Load Region LR_IROM1 (Base: 0x08000000, Size: 0x00003f78, Max: 0x00010000, ABSOLUTE, COMPRESSED[0x00003c9c])

    Execution Region ER_IROM1 (Base: 0x08000000, Size: 0x00003954, Max: 0x00010000, ABSOLUTE)

    Base Addr    Size         Type   Attr      Idx    E Section Name        Object

    0x08000000   0x00000130   Data   RO           19    RESET               startup_stm32f10x_hd.o
    0x08000130   0x00000008   Code   RO         3929  * !!!main             c_w.l(__main.o)
    0x08000138   0x00000034   Code   RO         4264    !!!scatter          c_w.l(__scatter.o)
    0x0800016c   0x00000064   Code   RO         4262    !!dclz77c           c_w.l(__dclz77c.o)
    0x080001d0   0x0000001c   Code   RO         4266    !!handler_zi        c_w.l(__scatter_zi.o)
    0x080001ec   0x00000000   Code   RO         3908    .ARM.Collect$$_printf_percent$$00000000  c_w.l(_printf_percent.o)
    0x080001ec   0x00000006   Code   RO         3907    .ARM.Collect$$_printf_percent$$00000009  c_w.l(_printf_d.o)
    0x080001f2   0x00000004   Code   RO         4019    .ARM.Collect$$_printf_percent$$00000017  c_w.l(_printf_percent_end.o)
    0x080001f6   0x00000002   Code   RO         4192    .ARM.Collect$$libinit$$00000000  c_w.l(libinit.o)
    0x080001f8   0x00000000   Code   RO         4034    .ARM.Collect$$libinit$$00000002  c_w.l(libinit2.o)
    0x080001f8   0x00000000   Code   RO         4036    .ARM.Collect$$libinit$$00000004  c_w.l(libinit2.o)
    0x080001f8   0x00000008   Code   RO         4037    .ARM.Collect$$libinit$$00000005  c_w.l(libinit2.o)
    0x08000200   0x00000000   Code   RO         4039    .ARM.Collect$$libinit$$0000000A  c_w.l(libinit2.o)
    0x08000200   0x00000000   Code   RO         4041    .ARM.Collect$$libinit$$0000000C  c_w.l(libinit2.o)
    0x08000200   0x00000000   Code   RO         4043    .ARM.Collect$$libinit$$0000000E  c_w.l(libinit2.o)
    0x08000200   0x00000000   Code   RO         4046    .ARM.Collect$$libinit$$00000011  c_w.l(libinit2.o)
    0x08000200   0x00000000   Code   RO         4048    .ARM.Collect$$libinit$$00000013  c_w.l(libinit2.o)
    0x08000200   0x00000000   Code   RO         4050    .ARM.Collect$$libinit$$00000015  c_w.l(libinit2.o)
    0x08000200   0x00000000   Code   RO         4052    .ARM.Collect$$libinit$$00000017  c_w.l(libinit2.o)
    0x08000200   0x00000000   Code   RO         4054    .ARM.Collect$$libinit$$00000019  c_w.l(libinit2.o)
    0x08000200   0x00000000   Code   RO         4056    .ARM.Collect$$libinit$$0000001B  c_w.l(libinit2.o)
    0x08000200   0x00000000   Code   RO         4058    .ARM.Collect$$libinit$$0000001D  c_w.l(libinit2.o)
    0x08000200   0x00000000   Code   RO         4060    .ARM.Collect$$libinit$$0000001F  c_w.l(libinit2.o)
    0x08000200   0x00000000   Code   RO         4062    .ARM.Collect$$libinit$$00000021  c_w.l(libinit2.o)
    0x08000200   0x00000000   Code   RO         4064    .ARM.Collect$$libinit$$00000023  c_w.l(libinit2.o)
    0x08000200   0x00000000   Code   RO         4066    .ARM.Collect$$libinit$$00000025  c_w.l(libinit2.o)
    0x08000200   0x00000000   Code   RO         4070    .ARM.Collect$$libinit$$0000002C  c_w.l(libinit2.o)
    0x08000200   0x00000000   Code   RO         4072    .ARM.Collect$$libinit$$0000002E  c_w.l(libinit2.o)
    0x08000200   0x00000000   Code   RO         4074    .ARM.Collect$$libinit$$00000030  c_w.l(libinit2.o)
    0x08000200   0x00000000   Code   RO         4076    .ARM.Collect$$libinit$$00000032  c_w.l(libinit2.o)
    0x08000200   0x00000002   Code   RO         4077    .ARM.Collect$$libinit$$00000033  c_w.l(libinit2.o)
    0x08000202   0x00000002   Code   RO         4259    .ARM.Collect$$libshutdown$$00000000  c_w.l(libshutdown.o)
    0x08000204   0x00000000   Code   RO         4217    .ARM.Collect$$libshutdown$$00000003  c_w.l(libshutdown2.o)
    0x08000204   0x00000000   Code   RO         4220    .ARM.Collect$$libshutdown$$00000006  c_w.l(libshutdown2.o)
    0x08000204   0x00000000   Code   RO         4223    .ARM.Collect$$libshutdown$$00000009  c_w.l(libshutdown2.o)
    0x08000204   0x00000000   Code   RO         4225    .ARM.Collect$$libshutdown$$0000000B  c_w.l(libshutdown2.o)
    0x08000204   0x00000000   Code   RO         4228    .ARM.Collect$$libshutdown$$0000000E  c_w.l(libshutdown2.o)
    0x08000204   0x00000002   Code   RO         4229    .ARM.Collect$$libshutdown$$0000000F  c_w.l(libshutdown2.o)
    0x08000206   0x00000000   Code   RO         3933    .ARM.Collect$$rtentry$$00000000  c_w.l(__rtentry.o)
    0x08000206   0x00000000   Code   RO         4086    .ARM.Collect$$rtentry$$00000002  c_w.l(__rtentry2.o)
    0x08000206   0x00000006   Code   RO         4098    .ARM.Collect$$rtentry$$00000004  c_w.l(__rtentry4.o)
    0x0800020c   0x00000000   Code   RO         4088    .ARM.Collect$$rtentry$$00000009  c_w.l(__rtentry2.o)
    0x0800020c   0x00000004   Code   RO         4089    .ARM.Collect$$rtentry$$0000000A  c_w.l(__rtentry2.o)
    0x08000210   0x00000000   Code   RO         4091    .ARM.Collect$$rtentry$$0000000C  c_w.l(__rtentry2.o)
    0x08000210   0x00000008   Code   RO         4092    .ARM.Collect$$rtentry$$0000000D  c_w.l(__rtentry2.o)
    0x08000218   0x00000002   Code   RO         4200    .ARM.Collect$$rtexit$$00000000  c_w.l(rtexit.o)
    0x0800021a   0x00000000   Code   RO         4233    .ARM.Collect$$rtexit$$00000002  c_w.l(rtexit2.o)
    0x0800021a   0x00000004   Code   RO         4234    .ARM.Collect$$rtexit$$00000003  c_w.l(rtexit2.o)
    0x0800021e   0x00000006   Code   RO         4235    .ARM.Collect$$rtexit$$00000004  c_w.l(rtexit2.o)
    0x08000224   0x00000000   Code   RO         4102    .emb_text           c_w.l(maybetermalloc1.o)
    0x08000224   0x00000040   Code   RO           20    .text               startup_stm32f10x_hd.o
    0x08000264   0x0000005e   Code   RO         3819    .text               c_w.l(h1_alloc.o)
    0x080002c2   0x0000004e   Code   RO         3821    .text               c_w.l(h1_free.o)
    0x08000310   0x0000002c   Code   RO         3879    .text               c_w.l(__2sprintf.o)
    0x0800033c   0x00000078   Code   RO         3885    .text               c_w.l(_printf_dec.o)
    0x080003b4   0x00000188   Code   RO         3904    .text               c_w.l(__printf_flags_ss_wp.o)
    0x0800053c   0x00000014   Code   RO         3909    .text               c_w.l(strchr.o)
    0x08000550   0x00000024   Code   RO         3911    .text               c_w.l(strncat.o)
    0x08000574   0x00000024   Code   RO         3913    .text               c_w.l(strstr.o)
    0x08000598   0x00000048   Code   RO         3915    .text               c_w.l(strcpy.o)
    0x080005e0   0x0000003e   Code   RO         3917    .text               c_w.l(strlen.o)
    0x0800061e   0x00000018   Code   RO         3919    .text               c_w.l(strcat.o)
    0x08000636   0x0000008a   Code   RO         3921    .text               c_w.l(rt_memcpy_v6.o)
    0x080006c0   0x00000044   Code   RO         3923    .text               c_w.l(rt_memclr.o)
    0x08000704   0x0000004e   Code   RO         3925    .text               c_w.l(rt_memclr_w.o)
    0x08000752   0x00000006   Code   RO         3927    .text               c_w.l(heapauxi.o)
    0x08000758   0x00000008   Code   RO         3937    .text               c_w.l(rt_heap_descriptor_intlibspace.o)
    0x08000760   0x00000004   Code   RO         3939    .text               c_w.l(hguard.o)
    0x08000764   0x0000008a   Code   RO         3941    .text               c_w.l(init_alloc.o)
    0x080007ee   0x0000000e   Code   RO         3945    .text               c_w.l(h1_init.o)
    0x080007fc   0x000000b2   Code   RO         3965    .text               c_w.l(_printf_intcommon.o)
    0x080008ae   0x00000002   PAD
    0x080008b0   0x00000030   Code   RO         3969    .text               c_w.l(_printf_char_common.o)
    0x080008e0   0x0000000a   Code   RO         3971    .text               c_w.l(_sputc.o)
    0x080008ea   0x00000064   Code   RO         4029    .text               c_w.l(rt_memcpy_w.o)
    0x0800094e   0x00000002   PAD
    0x08000950   0x00000008   Code   RO         4082    .text               c_w.l(libspace.o)
    0x08000958   0x00000034   Code   RO         4104    .text               c_w.l(h1_extend.o)
    0x0800098c   0x0000000e   Code   RO         4120    .text               c_w.l(defsig_rtmem_outer.o)
    0x0800099a   0x00000002   Code   RO         4131    .text               c_w.l(use_no_semi.o)
    0x0800099c   0x00000000   Code   RO         4133    .text               c_w.l(indicate_semi.o)
    0x0800099c   0x0000004a   Code   RO         4134    .text               c_w.l(sys_stackheap_outer.o)
    0x080009e6   0x0000000c   Code   RO         4177    .text               c_w.l(exit.o)
    0x080009f2   0x0000000a   Code   RO         4179    .text               c_w.l(defsig_exit.o)
    0x080009fc   0x00000050   Code   RO         4181    .text               c_w.l(defsig_rtmem_inner.o)
    0x08000a4c   0x0000000c   Code   RO         4198    .text               c_w.l(sys_exit.o)
    0x08000a58   0x00000032   Code   RO         4211    .text               c_w.l(defsig_general.o)
    0x08000a8a   0x0000000e   Code   RO         4230    .text               c_w.l(sys_wrch.o)
    0x08000a98   0x00000004   Code   RO         3450    i.BusFault_Handler  stm32f10x_it.o
    0x08000a9c   0x00000002   Code   RO         3451    i.DebugMon_Handler  stm32f10x_it.o
    0x08000a9e   0x0000001c   Code   RO         3668    i.EDP_DeleteBuffer  edpkit.o
    0x08000aba   0x00000058   Code   RO         3669    i.EDP_NewBuffer     edpkit.o
    0x08000b12   0x000000c0   Code   RO         3670    i.EDP_PacketCmdResp  edpkit.o
    0x08000bd2   0x00000002   PAD
    0x08000bd4   0x000000ec   Code   RO         3671    i.EDP_PacketConnect1  edpkit.o
    0x08000cc0   0x000001ce   Code   RO         3675    i.EDP_PacketSaveData  edpkit.o
    0x08000e8e   0x000000d6   Code   RO         3676    i.EDP_UnPacketCmd   edpkit.o
    0x08000f64   0x00000006   Code   RO         3677    i.EDP_UnPacketConnectRsp  edpkit.o
    0x08000f6a   0x00000006   Code   RO         3679    i.EDP_UnPacketRecv  edpkit.o
    0x08000f70   0x0000001c   Code   RO         3616    i.ESP8266_Clear     esp8266.o
    0x08000f8c   0x00000050   Code   RO         3617    i.ESP8266_GetIPD    esp8266.o
    0x08000fdc   0x00000154   Code   RO         3618    i.ESP8266_Init      esp8266.o
    0x08001130   0x00000054   Code   RO         3619    i.ESP8266_SendCmd   esp8266.o
    0x08001184   0x00000048   Code   RO         3620    i.ESP8266_SendData  esp8266.o
    0x080011cc   0x00000034   Code   RO         3621    i.ESP8266_WaitRecive  esp8266.o
    0x08001200   0x00000116   Code   RO         1532    i.GPIO_Init         stm32f10x_gpio.o
    0x08001316   0x00000012   Code   RO         1536    i.GPIO_ReadInputDataBit  stm32f10x_gpio.o
    0x08001328   0x00000004   Code   RO         1539    i.GPIO_ResetBits    stm32f10x_gpio.o
    0x0800132c   0x00000004   Code   RO         1540    i.GPIO_SetBits      stm32f10x_gpio.o
    0x08001330   0x0000000a   Code   RO         1543    i.GPIO_WriteBit     stm32f10x_gpio.o
    0x0800133a   0x00000004   Code   RO         3452    i.HardFault_Handler  stm32f10x_it.o
    0x0800133e   0x00000030   Code   RO         3564    i.Hardware_Init     main.o
    0x0800136e   0x00000002   PAD
    0x08001370   0x00000040   Code   RO          175    i.IIC_Init          oled.o
    0x080013b0   0x00000070   Code   RO          176    i.IIC_Send_Byte     oled.o
    0x08001420   0x00000050   Code   RO          177    i.IIC_Start         oled.o
    0x08001470   0x00000044   Code   RO          178    i.IIC_Stop          oled.o
    0x080014b4   0x00000028   Code   RO           81    i.MP3_Com           mp3.o
    0x080014dc   0x00000082   Code   RO           82    i.MP3_Init          mp3.o
    0x0800155e   0x00000032   Code   RO           83    i.MP3_Star          mp3.o
    0x08001590   0x00000014   Code   RO           84    i.MP3_State         mp3.o
    0x080015a4   0x000000a8   Code   RO           85    i.MP3_USART_Init    mp3.o
    0x0800164c   0x00000004   Code   RO         3453    i.MemManage_Handler  stm32f10x_it.o
    0x08001650   0x00000002   Code   RO         3454    i.NMI_Handler       stm32f10x_it.o
    0x08001652   0x00000002   PAD
    0x08001654   0x00000070   Code   RO          351    i.NVIC_Init         misc.o
    0x080016c4   0x00000014   Code   RO          352    i.NVIC_PriorityGroupConfig  misc.o
    0x080016d8   0x0000000a   Code   RO          179    i.OLED_CLS          oled.o
    0x080016e2   0x0000003a   Code   RO          181    i.OLED_Fill         oled.o
    0x0800171c   0x000000b6   Code   RO          182    i.OLED_Init         oled.o
    0x080017d2   0x00000028   Code   RO          185    i.OLED_SetPos       oled.o
    0x080017fa   0x00000050   Code   RO          187    i.OLED_ShowMYCN     oled.o
    0x0800184a   0x00000002   PAD
    0x0800184c   0x000000ec   Code   RO          188    i.OLED_ShowStr      oled.o
    0x08001938   0x000000ac   Code   RO         3770    i.OneNet_DevLink    onenet.o
    0x080019e4   0x00000058   Code   RO         3771    i.OneNet_FillBuf    onenet.o
    0x08001a3c   0x000000e0   Code   RO         3772    i.OneNet_RevPro     onenet.o
    0x08001b1c   0x00000062   Code   RO         3773    i.OneNet_SendData   onenet.o
    0x08001b7e   0x00000002   PAD
    0x08001b80   0x000000f0   Code   RO          160    i.PWM_Init          pwm.o
    0x08001c70   0x00000002   Code   RO         3455    i.PendSV_Handler    stm32f10x_it.o
    0x08001c72   0x00000002   PAD
    0x08001c74   0x00000070   Code   RO         3565    i.Pre_Oled          main.o
    0x08001ce4   0x00000020   Code   RO         1957    i.RCC_APB1PeriphClockCmd  stm32f10x_rcc.o
    0x08001d04   0x00000020   Code   RO         1958    i.RCC_APB1PeriphResetCmd  stm32f10x_rcc.o
    0x08001d24   0x00000020   Code   RO         1959    i.RCC_APB2PeriphClockCmd  stm32f10x_rcc.o
    0x08001d44   0x00000020   Code   RO         1960    i.RCC_APB2PeriphResetCmd  stm32f10x_rcc.o
    0x08001d64   0x000000d4   Code   RO         1967    i.RCC_GetClocksFreq  stm32f10x_rcc.o
    0x08001e38   0x0000003e   Code   RO         3680    i.ReadRemainlen     edpkit.o
    0x08001e76   0x00000002   PAD
    0x08001e78   0x0000004c   Code   RO          189    i.Read_Ask          oled.o
    0x08001ec4   0x00000002   Code   RO         3456    i.SVC_Handler       stm32f10x_it.o
    0x08001ec6   0x00000008   Code   RO         3530    i.SetSysClock       system_stm32f10x.o
    0x08001ece   0x00000002   PAD
    0x08001ed0   0x000000e0   Code   RO         3531    i.SetSysClockTo72   system_stm32f10x.o
    0x08001fb0   0x00000028   Code   RO          193    i.ShowHump          oled.o
    0x08001fd8   0x00000028   Code   RO          195    i.ShowSmartTrash    oled.o
    0x08002000   0x00000028   Code   RO          197    i.ShowTemperature   oled.o
    0x08002028   0x00000028   Code   RO          199    i.Showdu            oled.o
    0x08002050   0x00000028   Code   RO          355    i.SysTick_CLKSourceConfig  misc.o
    0x08002078   0x00000002   Code   RO         3457    i.SysTick_Handler   stm32f10x_it.o
    0x0800207a   0x00000002   PAD
    0x0800207c   0x00000080   Code   RO          126    i.SysTick_Init      systick.o
    0x080020fc   0x00000016   Code   RO          127    i.SysTick_JumpEdge  systick.o
    0x08002112   0x00000002   PAD
    0x08002114   0x00000060   Code   RO         3533    i.SystemInit        system_stm32f10x.o
    0x08002174   0x000001cc   Code   RO          128    i.TIM2_IRQHandler   systick.o
    0x08002340   0x00000006   Code   RO         2594    i.TIM_ClearFlag     stm32f10x_tim.o
    0x08002346   0x00000006   Code   RO         2595    i.TIM_ClearITPendingBit  stm32f10x_tim.o
    0x0800234c   0x00000018   Code   RO         2600    i.TIM_Cmd           stm32f10x_tim.o
    0x08002364   0x000001e8   Code   RO         2605    i.TIM_DeInit        stm32f10x_tim.o
    0x0800254c   0x00000012   Code   RO         2625    i.TIM_ITConfig      stm32f10x_tim.o
    0x0800255e   0x00000002   PAD
    0x08002560   0x00000098   Code   RO         2629    i.TIM_OC1Init       stm32f10x_tim.o
    0x080025f8   0x00000012   Code   RO         2632    i.TIM_OC1PreloadConfig  stm32f10x_tim.o
    0x0800260a   0x00000002   PAD
    0x0800260c   0x000000a4   Code   RO         2634    i.TIM_OC2Init       stm32f10x_tim.o
    0x080026b0   0x0000001a   Code   RO         2637    i.TIM_OC2PreloadConfig  stm32f10x_tim.o
    0x080026ca   0x00000002   PAD
    0x080026cc   0x000000a0   Code   RO         2639    i.TIM_OC3Init       stm32f10x_tim.o
    0x0800276c   0x00000012   Code   RO         2642    i.TIM_OC3PreloadConfig  stm32f10x_tim.o
    0x0800277e   0x00000002   PAD
    0x08002780   0x0000007c   Code   RO         2644    i.TIM_OC4Init       stm32f10x_tim.o
    0x080027fc   0x0000001a   Code   RO         2646    i.TIM_OC4PreloadConfig  stm32f10x_tim.o
    0x08002816   0x00000004   Code   RO         2661    i.TIM_SetCompare1   stm32f10x_tim.o
    0x0800281a   0x00000004   Code   RO         2662    i.TIM_SetCompare2   stm32f10x_tim.o
    0x0800281e   0x00000004   Code   RO         2663    i.TIM_SetCompare3   stm32f10x_tim.o
    0x08002822   0x00000006   Code   RO         2664    i.TIM_SetCompare4   stm32f10x_tim.o
    0x08002828   0x000000a4   Code   RO         2671    i.TIM_TimeBaseInit  stm32f10x_tim.o
    0x080028cc   0x00000038   Code   RO           24    i.USART1_IRQHandler  yuyin.o
    0x08002904   0x0000004c   Code   RO         3622    i.USART2_IRQHandler  esp8266.o
    0x08002950   0x00000012   Code   RO         3132    i.USART_ClearFlag   stm32f10x_usart.o
    0x08002962   0x00000018   Code   RO         3136    i.USART_Cmd         stm32f10x_usart.o
    0x0800297a   0x00000002   PAD
    0x0800297c   0x0000009c   Code   RO         3138    i.USART_DeInit      stm32f10x_usart.o
    0x08002a18   0x0000001a   Code   RO         3139    i.USART_GetFlagStatus  stm32f10x_usart.o
    0x08002a32   0x00000054   Code   RO         3140    i.USART_GetITStatus  stm32f10x_usart.o
    0x08002a86   0x0000004a   Code   RO         3142    i.USART_ITConfig    stm32f10x_usart.o
    0x08002ad0   0x000000d8   Code   RO         3143    i.USART_Init        stm32f10x_usart.o
    0x08002ba8   0x0000000a   Code   RO         3150    i.USART_ReceiveData  stm32f10x_usart.o
    0x08002bb2   0x00000008   Code   RO         3153    i.USART_SendData    stm32f10x_usart.o
    0x08002bba   0x00000004   Code   RO         3458    i.UsageFault_Handler  stm32f10x_it.o
    0x08002bbe   0x00000002   PAD
    0x08002bc0   0x000000ac   Code   RO         3413    i.Usart2_Init       usart.o
    0x08002c6c   0x00000032   Code   RO         3415    i.Usart_SendString  usart.o
    0x08002c9e   0x00000020   Code   RO          200    i.WriteCmd          oled.o
    0x08002cbe   0x00000020   Code   RO          201    i.WriteDat          oled.o
    0x08002cde   0x0000002e   Code   RO         3681    i.WriteRemainlen    edpkit.o
    0x08002d0c   0x000000b0   Code   RO           25    i.YuYin_Init        yuyin.o
    0x08002dbc   0x0000000e   Code   RO         3897    i._is_digit         c_w.l(__printf_wp.o)
    0x08002dca   0x00000016   Code   RO         3369    i.delay             delay.o
    0x08002de0   0x00000044   Code   RO         3370    i.delay_init        delay.o
    0x08002e24   0x0000004c   Code   RO         3371    i.delay_ms          delay.o
    0x08002e70   0x0000004c   Code   RO         3372    i.delay_us          delay.o
    0x08002ebc   0x00000034   Code   RO         3566    i.jidianqi_Init     main.o
    0x08002ef0   0x00000218   Code   RO         3567    i.main              main.o
    0x08003108   0x00000818   Data   RO          202    .constdata          oled.o
    0x08003920   0x00000011   Data   RO         3905    .constdata          c_w.l(__printf_flags_ss_wp.o)
    0x08003931   0x00000003   PAD
    0x08003934   0x00000020   Data   RO         4260    Region$$Table       anon$$obj.o


    Execution Region RW_IRAM1 (Base: 0x20000000, Size: 0x00000d10, Max: 0x00005000, ABSOLUTE, COMPRESSED[0x00000348])

    Base Addr    Size         Type   Attr      Idx    E Section Name        Object

    0x20000000   0x00000002   Data   RW           26    .data               yuyin.o
    0x20000002   0x00000002   PAD
    0x20000004   0x00000004   Data   RW          130    .data               systick.o
    0x20000008   0x000005e0   Data   RW          203    .data               oled.o
    0x200005e8   0x00000014   Data   RW         1987    .data               stm32f10x_rcc.o
    0x200005fc   0x00000004   Data   RW         3373    .data               delay.o
    0x20000600   0x00000014   Data   RW         3534    .data               system_stm32f10x.o
    0x20000614   0x00000006   Data   RW         3568    .data               main.o
    0x2000061a   0x00000004   Data   RW         3624    .data               esp8266.o
    0x2000061e   0x00000002   PAD
    0x20000620   0x00000004   Data   RW         3774    .data               onenet.o
    0x20000624   0x0000000a   Zero   RW          129    .bss                systick.o
    0x2000062e   0x00000080   Zero   RW         3623    .bss                esp8266.o
    0x200006ae   0x00000002   PAD
    0x200006b0   0x00000060   Zero   RW         4083    .bss                c_w.l(libspace.o)
    0x20000710   0x00000200   Zero   RW           18    HEAP                startup_stm32f10x_hd.o
    0x20000910   0x00000400   Zero   RW           17    STACK               startup_stm32f10x_hd.o


==============================================================================

Image component sizes


      Code (inc. data)   RO Data    RW Data    ZI Data      Debug   Object Name

         0          0          0          0          0       4536   core_cm3.o
       242         26          0          4          0       2107   delay.o
      1340          4          0          0          0       8868   edpkit.o
       732        230          0          4        128       4991   esp8266.o
       748         64          0          6          0       2494   main.o
       172         22          0          0          0       1993   misc.o
       408         22          0          0          0       2553   mp3.o
      1230         62       2072       1504          0      10038   oled.o
       582        110          0          4          0       4378   onenet.o
       240          8          0          0          0        659   pwm.o
        64         26        304          0       1536        784   startup_stm32f10x_hd.o
       314          0          0          0          0       4120   stm32f10x_gpio.o
        26          0          0          0          0     205218   stm32f10x_it.o
       340         44          0         20          0       5456   stm32f10x_rcc.o
      1412        156          0          0          0      11201   stm32f10x_tim.o
       616         28          0          0          0       7106   stm32f10x_usart.o
       328         28          0         20          0       2005   system_stm32f10x.o
       610         14          0          4         10      23229   systick.o
       222         10          0          0          0       1785   usart.o
       232         22          0          2          0     227901   yuyin.o

    ----------------------------------------------------------------------
      9890        876       2408       1572       1676     531422   Object Totals
         0          0         32          0          0          0   (incl. Generated)
        32          0          0          4          2          0   (incl. Padding)

    ----------------------------------------------------------------------

      Code (inc. data)   RO Data    RW Data    ZI Data      Debug   Library Member Name

        44          6          0          0          0         84   __2sprintf.o
       100          0          0          0          0          0   __dclz77c.o
         8          0          0          0          0         68   __main.o
       392          4         17          0          0         92   __printf_flags_ss_wp.o
        14          0          0          0          0         68   __printf_wp.o
         0          0          0          0          0          0   __rtentry.o
        12          0          0          0          0          0   __rtentry2.o
         6          0          0          0          0          0   __rtentry4.o
        52          8          0          0          0          0   __scatter.o
        28          0          0          0          0          0   __scatter_zi.o
        48          6          0          0          0         96   _printf_char_common.o
         6          0          0          0          0          0   _printf_d.o
       120         16          0          0          0         92   _printf_dec.o
       178          0          0          0          0         88   _printf_intcommon.o
         0          0          0          0          0          0   _printf_percent.o
         4          0          0          0          0          0   _printf_percent_end.o
        10          0          0          0          0         68   _sputc.o
        10          0          0          0          0         68   defsig_exit.o
        50          0          0          0          0         88   defsig_general.o
        80         58          0          0          0         76   defsig_rtmem_inner.o
        14          0          0          0          0         80   defsig_rtmem_outer.o
        12          0          0          0          0         72   exit.o
        94          0          0          0          0         80   h1_alloc.o
        52          0          0          0          0         68   h1_extend.o
        78          0          0          0          0         80   h1_free.o
        14          0          0          0          0         84   h1_init.o
         6          0          0          0          0        152   heapauxi.o
         4          0          0          0          0        136   hguard.o
         0          0          0          0          0          0   indicate_semi.o
       138          0          0          0          0        168   init_alloc.o
         2          0          0          0          0          0   libinit.o
        10          0          0          0          0          0   libinit2.o
         2          0          0          0          0          0   libshutdown.o
         2          0          0          0          0          0   libshutdown2.o
         8          4          0          0         96         68   libspace.o
         0          0          0          0          0          0   maybetermalloc1.o
         8          4          0          0          0         68   rt_heap_descriptor_intlibspace.o
        68          0          0          0          0         68   rt_memclr.o
        78          0          0          0          0         80   rt_memclr_w.o
       138          0          0          0          0         68   rt_memcpy_v6.o
       100          0          0          0          0         80   rt_memcpy_w.o
         2          0          0          0          0          0   rtexit.o
        10          0          0          0          0          0   rtexit2.o
        24          0          0          0          0         68   strcat.o
        20          0          0          0          0         68   strchr.o
        72          0          0          0          0         80   strcpy.o
        62          0          0          0          0         76   strlen.o
        36          0          0          0          0         76   strncat.o
        36          0          0          0          0         80   strstr.o
        12          4          0          0          0         68   sys_exit.o
        74          0          0          0          0         80   sys_stackheap_outer.o
        14          0          0          0          0         76   sys_wrch.o
         2          0          0          0          0         68   use_no_semi.o

    ----------------------------------------------------------------------
      2358        110         20          0         96       2980   Library Totals
         4          0          3          0          0          0   (incl. Padding)

    ----------------------------------------------------------------------

      Code (inc. data)   RO Data    RW Data    ZI Data      Debug   Library Name

      2354        110         17          0         96       2980   c_w.l

    ----------------------------------------------------------------------
      2358        110         20          0         96       2980   Library Totals

    ----------------------------------------------------------------------

==============================================================================


      Code (inc. data)   RO Data    RW Data    ZI Data      Debug   

     12248        986       2428       1572       1772     527118   Grand Totals
     12248        986       2428        840       1772     527118   ELF Image Totals (compressed)
     12248        986       2428        840          0          0   ROM Totals

==============================================================================

    Total RO  Size (Code + RO Data)                14676 (  14.33kB)
    Total RW  Size (RW Data + ZI Data)              3344 (   3.27kB)
    Total ROM Size (Code + RO Data + RW Data)      15516 (  15.15kB)

==============================================================================

